Archive member included to satisfy reference by file (symbol)

c:/program files (x86)/atollic/truestudio for stm32 9.3.0/armtools/bin/../lib/gcc/arm-atollic-eabi/6.3.1/../../../../arm-atollic-eabi/lib/armv7e-m/fpu\libc_nano.a(lib_a-init.o)
                              ./src/startup_stm32f429x.o (__libc_init_array)
c:/program files (x86)/atollic/truestudio for stm32 9.3.0/armtools/bin/../lib/gcc/arm-atollic-eabi/6.3.1/../../../../arm-atollic-eabi/lib/armv7e-m/fpu\libc_nano.a(lib_a-memset.o)
                              ./src/main.o (memset)
c:/program files (x86)/atollic/truestudio for stm32 9.3.0/armtools/bin/../lib/gcc/arm-atollic-eabi/6.3.1/../../../../arm-atollic-eabi/lib/armv7e-m/fpu\libc_nano.a(lib_a-strlen.o)
                              ./src/tiny_printf.o (strlen)
c:/program files (x86)/atollic/truestudio for stm32 9.3.0/armtools/bin/../lib/gcc/arm-atollic-eabi/6.3.1/../../../../arm-atollic-eabi/lib/armv7e-m/fpu\libnosys.a(write.o)
                              ./src/tiny_printf.o (_write)
c:/program files (x86)/atollic/truestudio for stm32 9.3.0/armtools/bin/../lib/gcc/arm-atollic-eabi/6.3.1/../../../../arm-atollic-eabi/lib/armv7e-m/fpu\libnosys.a(errno.o)
                              c:/program files (x86)/atollic/truestudio for stm32 9.3.0/armtools/bin/../lib/gcc/arm-atollic-eabi/6.3.1/../../../../arm-atollic-eabi/lib/armv7e-m/fpu\libnosys.a(write.o) (errno)

Allocating common symbols
Common symbol       size              file

LCD_CacheBuffer_yptr_bottom_bak
                    0x2               ./Utilities/Common/lcd_log.o
LCD_CacheBuffer_yptr_top_bak
                    0x2               ./Utilities/Common/lcd_log.o
sEEDMA_InitStructure
                    0x3c              ./Utilities/STM32F429I-Discovery/stm32f429i_discovery.o
errno               0x4               c:/program files (x86)/atollic/truestudio for stm32 9.3.0/armtools/bin/../lib/gcc/arm-atollic-eabi/6.3.1/../../../../arm-atollic-eabi/lib/armv7e-m/fpu\libnosys.a(errno.o)
sEEDataWritePointer
                    0x4               ./Utilities/STM32F429I-Discovery/stm32f429i_discovery_i2c_ee.o
LCD_CacheBuffer_yptr_bottom
                    0x2               ./Utilities/Common/lcd_log.o
sEEDataNum          0x1               ./Utilities/STM32F429I-Discovery/stm32f429i_discovery_i2c_ee.o
LCD_CacheBuffer_xptr
                    0x2               ./Utilities/Common/lcd_log.o
LCD_CacheBuffer_yptr_invert
                    0x1               ./Utilities/Common/lcd_log.o
LCD_Lock            0x1               ./Utilities/Common/lcd_log.o
LCD_Scrolled        0x1               ./Utilities/Common/lcd_log.o
BL_Rx_Buffer        0xc8              ./src/main.o
LCD_CacheBuffer_yptr_top
                    0x2               ./Utilities/Common/lcd_log.o
LCD_ScrollActive    0x1               ./Utilities/Common/lcd_log.o
LCD_CacheBuffer     0xc98             ./Utilities/Common/lcd_log.o
sEEDataReadPointer  0x4               ./Utilities/STM32F429I-Discovery/stm32f429i_discovery_i2c_ee.o
TP_State            0x8               ./Utilities/STM32F429I-Discovery/stm32f429i_discovery_ioe.o
DELAY_X             0x4               ./Drivers/SYSTICK/SYSTICK_Prog.o
LCD_LineColor       0x2               ./Utilities/Common/lcd_log.o
NVIC_InitStructure  0x4               ./Utilities/STM32F429I-Discovery/stm32f429i_discovery.o
husart1             0xe               ./src/main.o
LCD_ScrollBackStep  0x2               ./Utilities/Common/lcd_log.o

Discarded input sections

 .text          0x00000000        0x0 c:/program files (x86)/atollic/truestudio for stm32 9.3.0/armtools/bin/../lib/gcc/arm-atollic-eabi/6.3.1/armv7e-m/fpu/crti.o
 .data          0x00000000        0x0 c:/program files (x86)/atollic/truestudio for stm32 9.3.0/armtools/bin/../lib/gcc/arm-atollic-eabi/6.3.1/armv7e-m/fpu/crti.o
 .bss           0x00000000        0x0 c:/program files (x86)/atollic/truestudio for stm32 9.3.0/armtools/bin/../lib/gcc/arm-atollic-eabi/6.3.1/armv7e-m/fpu/crti.o
 .data          0x00000000        0x4 c:/program files (x86)/atollic/truestudio for stm32 9.3.0/armtools/bin/../lib/gcc/arm-atollic-eabi/6.3.1/armv7e-m/fpu/crtbegin.o
 .text          0x00000000        0x0 ./src/main.o
 .data          0x00000000        0x0 ./src/main.o
 .bss           0x00000000        0x0 ./src/main.o
 .text.Hardware_RegInit
                0x00000000       0x24 ./src/main.o
 .text          0x00000000       0x14 ./src/startup_stm32f429x.o
 .data          0x00000000        0x0 ./src/startup_stm32f429x.o
 .bss           0x00000000        0x0 ./src/startup_stm32f429x.o
 .text          0x00000000        0x0 ./src/stm32f4xx_it.o
 .data          0x00000000        0x0 ./src/stm32f4xx_it.o
 .bss           0x00000000        0x0 ./src/stm32f4xx_it.o
 .text          0x00000000        0x0 ./src/system_stm32f4xx.o
 .data          0x00000000        0x0 ./src/system_stm32f4xx.o
 .bss           0x00000000        0x0 ./src/system_stm32f4xx.o
 .data.SystemCoreClock
[...]
Memory Configuration

Name             Origin             Length             Attributes
FLASH            0x08000000         0x00200000         xr
RAM              0x20000000         0x00030000         xrw
MEMORY_B1        0x60000000         0x00000000         xr
CCMRAM           0x10000000         0x00010000         rw
*default*        0x00000000         0xffffffff

Linker script and memory map

LOAD c:/program files (x86)/atollic/truestudio for stm32 9.3.0/armtools/bin/../lib/gcc/arm-atollic-eabi/6.3.1/armv7e-m/fpu/crti.o
LOAD c:/program files (x86)/atollic/truestudio for stm32 9.3.0/armtools/bin/../lib/gcc/arm-atollic-eabi/6.3.1/armv7e-m/fpu/crtbegin.o
LOAD ./src/main.o
LOAD ./src/startup_stm32f429x.o
LOAD ./src/stm32f4xx_it.o
LOAD ./src/system_stm32f4xx.o
LOAD ./src/tiny_printf.o
LOAD ./Utilities/STM32F429I-Discovery/stm32f429i_discovery.o
LOAD ./Utilities/STM32F429I-Discovery/stm32f429i_discovery_i2c_ee.o
LOAD ./Utilities/STM32F429I-Discovery/stm32f429i_discovery_ioe.o
LOAD ./Utilities/STM32F429I-Discovery/stm32f429i_discovery_l3gd20.o
LOAD ./Utilities/STM32F429I-Discovery/stm32f429i_discovery_lcd.o
LOAD ./Utilities/STM32F429I-Discovery/stm32f429i_discovery_sdram.o
LOAD ./Utilities/Common/fonts.o
LOAD ./Utilities/Common/lcd_log.o
LOAD ./Libraries/STM32F4xx_StdPeriph_Driver/src/misc.o
LOAD ./Libraries/STM32F4xx_StdPeriph_Driver/src/stm32f4xx_adc.o
LOAD ./Libraries/STM32F4xx_StdPeriph_Driver/src/stm32f4xx_can.o
LOAD ./Libraries/STM32F4xx_StdPeriph_Driver/src/stm32f4xx_crc.o
LOAD ./Libraries/STM32F4xx_StdPeriph_Driver/src/stm32f4xx_cryp.o
LOAD ./Libraries/STM32F4xx_StdPeriph_Driver/src/stm32f4xx_cryp_aes.o
LOAD ./Libraries/STM32F4xx_StdPeriph_Driver/src/stm32f4xx_cryp_des.o
LOAD ./Libraries/STM32F4xx_StdPeriph_Driver/src/stm32f4xx_cryp_tdes.o
LOAD ./Libraries/STM32F4xx_StdPeriph_Driver/src/stm32f4xx_dac.o
LOAD ./Libraries/STM32F4xx_StdPeriph_Driver/src/stm32f4xx_dbgmcu.o
LOAD ./Libraries/STM32F4xx_StdPeriph_Driver/src/stm32f4xx_dcmi.o
LOAD ./Libraries/STM32F4xx_StdPeriph_Driver/src/stm32f4xx_dma.o
LOAD ./Libraries/STM32F4xx_StdPeriph_Driver/src/stm32f4xx_dma2d.o
LOAD ./Libraries/STM32F4xx_StdPeriph_Driver/src/stm32f4xx_exti.o
LOAD ./Libraries/STM32F4xx_StdPeriph_Driver/src/stm32f4xx_flash.o
LOAD ./Libraries/STM32F4xx_StdPeriph_Driver/src/stm32f4xx_fmc.o
LOAD ./Libraries/STM32F4xx_StdPeriph_Driver/src/stm32f4xx_gpio.o
LOAD ./Libraries/STM32F4xx_StdPeriph_Driver/src/stm32f4xx_hash.o
LOAD ./Libraries/STM32F4xx_StdPeriph_Driver/src/stm32f4xx_hash_md5.o
LOAD ./Libraries/STM32F4xx_StdPeriph_Driver/src/stm32f4xx_hash_sha1.o
LOAD ./Libraries/STM32F4xx_StdPeriph_Driver/src/stm32f4xx_i2c.o
LOAD ./Libraries/STM32F4xx_StdPeriph_Driver/src/stm32f4xx_iwdg.o
LOAD ./Libraries/STM32F4xx_StdPeriph_Driver/src/stm32f4xx_ltdc.o
LOAD ./Libraries/STM32F4xx_StdPeriph_Driver/src/stm32f4xx_pwr.o
LOAD ./Libraries/STM32F4xx_StdPeriph_Driver/src/stm32f4xx_rcc.o
LOAD ./Libraries/STM32F4xx_StdPeriph_Driver/src/stm32f4xx_rng.o
LOAD ./Libraries/STM32F4xx_StdPeriph_Driver/src/stm32f4xx_rtc.o
LOAD ./Libraries/STM32F4xx_StdPeriph_Driver/src/stm32f4xx_sai.o
LOAD ./Libraries/STM32F4xx_StdPeriph_Driver/src/stm32f4xx_sdio.o
LOAD ./Libraries/STM32F4xx_StdPeriph_Driver/src/stm32f4xx_spi.o
LOAD ./Libraries/STM32F4xx_StdPeriph_Driver/src/stm32f4xx_syscfg.o
LOAD ./Libraries/STM32F4xx_StdPeriph_Driver/src/stm32f4xx_tim.o
LOAD ./Libraries/STM32F4xx_StdPeriph_Driver/src/stm32f4xx_usart.o
LOAD ./Libraries/STM32F4xx_StdPeriph_Driver/src/stm32f4xx_wwdg.o
LOAD ./Drivers/USART/USART_Prog.o
LOAD ./Drivers/SYSTICK/SYSTICK_Prog.o
LOAD ./Drivers/RCC/RCC_Prog.o
LOAD ./Drivers/NVIC/NVIC_Prog.o
LOAD ./Drivers/GPIO/GPIO_Prog.o
LOAD ./Drivers/FLASH/Flash_Prog.o
LOAD ./Drivers/EXTI/EXTI_Prog.o
LOAD ./Drivers/DMA/DMA_Prog.o
LOAD ./Drivers/DEBUG/Debug_Prog.o
LOAD ./Drivers/CRC/CRC_Prog.o
                0x00000080                malloc_getpagesize_P = 0x80
START GROUP
LOAD c:/program files (x86)/atollic/truestudio for stm32 9.3.0/armtools/bin/../lib/gcc/arm-atollic-eabi/6.3.1/../../../../arm-atollic-eabi/lib/armv7e-m/fpu\libc_nano.a
LOAD c:/program files (x86)/atollic/truestudio for stm32 9.3.0/armtools/bin/../lib/gcc/arm-atollic-eabi/6.3.1/../../../../arm-atollic-eabi/lib/armv7e-m/fpu\libm.a
END GROUP
START GROUP
LOAD c:/program files (x86)/atollic/truestudio for stm32 9.3.0/armtools/bin/../lib/gcc/arm-atollic-eabi/6.3.1/armv7e-m/fpu\libgcc.a
LOAD c:/program files (x86)/atollic/truestudio for stm32 9.3.0/armtools/bin/../lib/gcc/arm-atollic-eabi/6.3.1/../../../../arm-atollic-eabi/lib/armv7e-m/fpu\libc_nano.a
END GROUP
START GROUP
LOAD c:/program files (x86)/atollic/truestudio for stm32 9.3.0/armtools/bin/../lib/gcc/arm-atollic-eabi/6.3.1/armv7e-m/fpu\libgcc.a
LOAD c:/program files (x86)/atollic/truestudio for stm32 9.3.0/armtools/bin/../lib/gcc/arm-atollic-eabi/6.3.1/../../../../arm-atollic-eabi/lib/armv7e-m/fpu\libc_nano.a
LOAD c:/program files (x86)/atollic/truestudio for stm32 9.3.0/armtools/bin/../lib/gcc/arm-atollic-eabi/6.3.1/../../../../arm-atollic-eabi/lib/armv7e-m/fpu\libnosys.a
END GROUP
START GROUP
LOAD c:/program files (x86)/atollic/truestudio for stm32 9.3.0/armtools/bin/../lib/gcc/arm-atollic-eabi/6.3.1/armv7e-m/fpu\libgcc.a
LOAD c:/program files (x86)/atollic/truestudio for stm32 9.3.0/armtools/bin/../lib/gcc/arm-atollic-eabi/6.3.1/../../../../arm-atollic-eabi/lib/armv7e-m/fpu\libc_nano.a
LOAD c:/program files (x86)/atollic/truestudio for stm32 9.3.0/armtools/bin/../lib/gcc/arm-atollic-eabi/6.3.1/../../../../arm-atollic-eabi/lib/armv7e-m/fpu\libnosys.a
END GROUP
LOAD c:/program files (x86)/atollic/truestudio for stm32 9.3.0/armtools/bin/../lib/gcc/arm-atollic-eabi/6.3.1/armv7e-m/fpu/crtend.o
LOAD c:/program files (x86)/atollic/truestudio for stm32 9.3.0/armtools/bin/../lib/gcc/arm-atollic-eabi/6.3.1/armv7e-m/fpu/crtn.o
                0x20030000                _estack = 0x20030000
                0x00000000                _Min_Heap_Size = 0x0
                0x00000400                _Min_Stack_Size = 0x400

.isr_vector     0x08000000      0x1ac
                0x08000000                . = ALIGN (0x4)
 *(.isr_vector)
 .isr_vector    0x08000000      0x1ac ./src/startup_stm32f429x.o
                0x08000000                g_pfnVectors
                0x080001ac                . = ALIGN (0x4)

.text           0x080001ac     0x271c
                0x080001ac                . = ALIGN (0x4)
 *(.text)
 .text          0x080001ac       0x40 c:/program files (x86)/atollic/truestudio for stm32 9.3.0/armtools/bin/../lib/gcc/arm-atollic-eabi/6.3.1/armv7e-m/fpu/crtbegin.o
 *(.text*)
 .text.main     0x080001ec       0xa8 ./src/main.o
                0x080001ec                main
 .text.Bootloader_UART_Read_Data
                0x08000294      0x104 ./src/main.o
                0x08000294                Bootloader_UART_Read_Data
 .text.Bootloader_Jump_To_User_Application
                0x08000398       0x58 ./src/main.o
                0x08000398                Bootloader_Jump_To_User_Application
 .text.printmsg
                0x080003f0       0x12 ./src/main.o
                0x080003f0                printmsg
 *fill*         0x08000402        0x2 
 .text.Hardware_Init
                0x08000404       0x48 ./src/main.o
 .text.GPIO_Peripheral_Configuration
                0x0800044c       0xd0 ./src/main.o
 .text.USART1_Configuration
                0x0800051c       0x40 ./src/main.o
 .text.BootLoader_Handle_GetVer_CMD
                0x0800055c       0x94 ./src/main.o
                0x0800055c                BootLoader_Handle_GetVer_CMD
 .text.BootLoader_Handle_GetHelp_CMD
                0x080005f0       0x78 ./src/main.o
                0x080005f0                BootLoader_Handle_GetHelp_CMD
 .text.BootLoader_Handle_GetCID_CMD
                0x08000668       0x98 ./src/main.o
                0x08000668                BootLoader_Handle_GetCID_CMD
 .text.BootLoader_Handle_GetRDP_CMD
                0x08000700       0x98 ./src/main.o
                0x08000700                BootLoader_Handle_GetRDP_CMD
 .text.BootLoader_Handle_Go_CMD
                0x08000798       0xe0 ./src/main.o
                0x08000798                BootLoader_Handle_Go_CMD
 .text.BootLoader_Handle_Flash_Mass_Erase_CMD
                0x08000878       0xc4 ./src/main.o
                0x08000878                BootLoader_Handle_Flash_Mass_Erase_CMD
 .text.BootLoader_Handle_Flash_Erase_CMD
                0x0800093c       0xd4 ./src/main.o
                0x0800093c                BootLoader_Handle_Flash_Erase_CMD
 .text.BootLoader_Handle_Mem_Write_CMD
                0x08000a10      0x100 ./src/main.o
                0x08000a10                BootLoader_Handle_Mem_Write_CMD
 .text.BootLoader_Handle_Enable_RW_Protection
                0x08000b10       0xa4 ./src/main.o
                0x08000b10                BootLoader_Handle_Enable_RW_Protection
 .text.BootLoader_Handle_Mem_Read
                0x08000bb4       0xac ./src/main.o
                0x08000bb4                BootLoader_Handle_Mem_Read
 .text.BootLoader_Handle_Read_Sector_Status
                0x08000c60       0x94 ./src/main.o
                0x08000c60                BootLoader_Handle_Read_Sector_Status
 .text.BootLoader_Handle_Read_OTP
                0x08000cf4       0x14 ./src/main.o
                0x08000cf4                BootLoader_Handle_Read_OTP
 .text.BootLoader_Handle_Disable_RW_Protection
                0x08000d08       0x98 ./src/main.o
                0x08000d08                BootLoader_Handle_Disable_RW_Protection
 .text.BootLoader_Send_ACK
                0x08000da0       0x34 ./src/main.o
                0x08000da0                BootLoader_Send_ACK
 .text.BootLoader_Send_NACK
                0x08000dd4       0x24 ./src/main.o
                0x08000dd4                BootLoader_Send_NACK
 .text.BootLoader_Verify_CRC
                0x08000df8       0x64 ./src/main.o
                0x08000df8                BootLoader_Verify_CRC
 .text.Get_MCU_CID
                0x08000e5c       0x1c ./src/main.o
                0x08000e5c                Get_MCU_CID
 .text.Get_Flash_RDP_Level
                0x08000e78       0x28 ./src/main.o
                0x08000e78                Get_Flash_RDP_Level
 .text.Verify_Address
                0x08000ea0       0xb4 ./src/main.o
                0x08000ea0                Verify_Address
 .text.Execute_Flash_Mass_Erase
                0x08000f54       0x42 ./src/main.o
                0x08000f54                Execute_Flash_Mass_Erase
 .text.Execute_Flash_Erase
                0x08000f96       0xc4 ./src/main.o
                0x08000f96                Execute_Flash_Erase
 .text.Execute_Mem_Write
                0x0800105a       0x5c ./src/main.o
                0x0800105a                Execute_Mem_Write
 .text.Config_Flash_Sector_RW_Protection
                0x080010b6       0x68 ./src/main.o
                0x080010b6                Config_Flash_Sector_RW_Protection
 .text.Read_OptionByte_Protection_Status
                0x0800111e        0xe ./src/main.o
                0x0800111e                Read_OptionByte_Protection_Status
 .text.Get_BootLoader_Version
                0x0800112c       0x10 ./src/main.o
                0x0800112c                Get_BootLoader_Version
 .text.BootLoader_UART_Write_Data
                0x0800113c       0x24 ./src/main.o
                0x0800113c                BootLoader_UART_Write_Data
 .text.Reset_Handler
                0x08001160       0x50 ./src/startup_stm32f429x.o
                0x08001160                Reset_Handler
 .text.Default_Handler
                0x080011b0        0x2 ./src/startup_stm32f429x.o
                0x080011b0                RTC_Alarm_IRQHandler
                0x080011b0                HASH_RNG_IRQHandler
                0x080011b0                EXTI2_IRQHandler
                0x080011b0                TIM8_CC_IRQHandler
                0x080011b0                UART8_IRQHandler
                0x080011b0                SPI4_IRQHandler
                0x080011b0                TIM1_CC_IRQHandler
                0x080011b0                DMA2_Stream5_IRQHandler
                0x080011b0                DMA1_Stream5_IRQHandler
                0x080011b0                PVD_IRQHandler
                0x080011b0                SDIO_IRQHandler
                0x080011b0                TAMP_STAMP_IRQHandler
                0x080011b0                CAN2_RX1_IRQHandler
                0x080011b0                EXTI3_IRQHandler
                0x080011b0                TIM8_TRG_COM_TIM14_IRQHandler
                0x080011b0                TIM1_UP_TIM10_IRQHandler
                0x080011b0                TIM8_UP_TIM13_IRQHandler
                0x080011b0                I2C3_ER_IRQHandler
                0x080011b0                EXTI0_IRQHandler
                0x080011b0                I2C2_EV_IRQHandler
                0x080011b0                CAN1_RX0_IRQHandler
                0x080011b0                FPU_IRQHandler
                0x080011b0                OTG_HS_WKUP_IRQHandler
                0x080011b0                LTDC_ER_IRQHandler
                0x080011b0                CAN2_SCE_IRQHandler
                0x080011b0                DMA2_Stream2_IRQHandler
                0x080011b0                SPI1_IRQHandler
                0x080011b0                TIM6_DAC_IRQHandler
                0x080011b0                TIM1_BRK_TIM9_IRQHandler
                0x080011b0                DCMI_IRQHandler
                0x080011b0                CAN2_RX0_IRQHandler
                0x080011b0                DMA2_Stream3_IRQHandler
                0x080011b0                USART6_IRQHandler
                0x080011b0                USART3_IRQHandler
                0x080011b0                CRYP_IRQHandler
                0x080011b0                CAN1_RX1_IRQHandler
                0x080011b0                UART5_IRQHandler
                0x080011b0                DMA2_Stream0_IRQHandler
                0x080011b0                TIM4_IRQHandler
                0x080011b0                I2C1_EV_IRQHandler
                0x080011b0                DMA1_Stream6_IRQHandler
                0x080011b0                DMA1_Stream1_IRQHandler
                0x080011b0                UART4_IRQHandler
                0x080011b0                TIM3_IRQHandler
                0x080011b0                RCC_IRQHandler
                0x080011b0                TIM8_BRK_TIM12_IRQHandler
                0x080011b0                Default_Handler
                0x080011b0                EXTI15_10_IRQHandler
                0x080011b0                ADC_IRQHandler
                0x080011b0                DMA1_Stream7_IRQHandler
                0x080011b0                SPI5_IRQHandler
                0x080011b0                TIM7_IRQHandler
                0x080011b0                CAN2_TX_IRQHandler
                0x080011b0                TIM5_IRQHandler
                0x080011b0                DMA2_Stream7_IRQHandler
                0x080011b0                I2C3_EV_IRQHandler
                0x080011b0                EXTI9_5_IRQHandler
                0x080011b0                RTC_WKUP_IRQHandler
                0x080011b0                LTDC_IRQHandler
                0x080011b0                ETH_WKUP_IRQHandler
                0x080011b0                SPI2_IRQHandler
                0x080011b0                OTG_HS_EP1_IN_IRQHandler
                0x080011b0                DMA1_Stream0_IRQHandler
                0x080011b0                CAN1_TX_IRQHandler
                0x080011b0                EXTI4_IRQHandler
                0x080011b0                ETH_IRQHandler
                0x080011b0                OTG_HS_EP1_OUT_IRQHandler
                0x080011b0                WWDG_IRQHandler
                0x080011b0                SPI6_IRQHandler
                0x080011b0                TIM2_IRQHandler
                0x080011b0                OTG_FS_WKUP_IRQHandler
                0x080011b0                TIM1_TRG_COM_TIM11_IRQHandler
                0x080011b0                OTG_HS_IRQHandler
                0x080011b0                DMA2D_IRQHandler
                0x080011b0                EXTI1_IRQHandler
                0x080011b0                UART7_IRQHandler
                0x080011b0                USART2_IRQHandler
                0x080011b0                I2C2_ER_IRQHandler
                0x080011b0                DMA2_Stream1_IRQHandler
                0x080011b0                CAN1_SCE_IRQHandler
                0x080011b0                FLASH_IRQHandler
                0x080011b0                DMA2_Stream4_IRQHandler
                0x080011b0                USART1_IRQHandler
                0x080011b0                OTG_FS_IRQHandler
                0x080011b0                SPI3_IRQHandler
                0x080011b0                I2C1_ER_IRQHandler
                0x080011b0                FMC_IRQHandler
                0x080011b0                DMA2_Stream6_IRQHandler
                0x080011b0                SAI1_IRQHandler
                0x080011b0                DMA1_Stream3_IRQHandler
 .text.NMI_Handler
                0x080011b2        0xe ./src/stm32f4xx_it.o
                0x080011b2                NMI_Handler
 .text.HardFault_Handler
                0x080011c0        0x6 ./src/stm32f4xx_it.o
                0x080011c0                HardFault_Handler
 .text.MemManage_Handler
                0x080011c6        0x6 ./src/stm32f4xx_it.o
                0x080011c6                MemManage_Handler
 .text.BusFault_Handler
                0x080011cc        0x6 ./src/stm32f4xx_it.o
                0x080011cc                BusFault_Handler
 .text.UsageFault_Handler
                0x080011d2        0x6 ./src/stm32f4xx_it.o
                0x080011d2                UsageFault_Handler
 .text.SVC_Handler
                0x080011d8        0xe ./src/stm32f4xx_it.o
                0x080011d8                SVC_Handler
 .text.DebugMon_Handler
                0x080011e6        0xe ./src/stm32f4xx_it.o
                0x080011e6                DebugMon_Handler
 .text.PendSV_Handler
                0x080011f4        0xe ./src/stm32f4xx_it.o
                0x080011f4                PendSV_Handler
 *fill*         0x08001202        0x2 
 .text.SystemInit
                0x08001204       0x6c ./src/system_stm32f4xx.o
                0x08001204                SystemInit
 .text.SetSysClock
                0x08001270       0xf8 ./src/system_stm32f4xx.o
 .text.DMA1_Stream4_IRQHandler
                0x08001368       0x68 ./Utilities/STM32F429I-Discovery/stm32f429i_discovery_i2c_ee.o
                0x08001368                DMA1_Stream4_IRQHandler
 .text.DMA1_Stream2_IRQHandler
                0x080013d0       0x48 ./Utilities/STM32F429I-Discovery/stm32f429i_discovery_i2c_ee.o
                0x080013d0                DMA1_Stream2_IRQHandler
 .text.DMA_Cmd  0x08001418       0x38 ./Libraries/STM32F4xx_StdPeriph_Driver/src/stm32f4xx_dma.o
                0x08001418                DMA_Cmd
 .text.DMA_GetFlagStatus
                0x08001450       0x78 ./Libraries/STM32F4xx_StdPeriph_Driver/src/stm32f4xx_dma.o
                0x08001450                DMA_GetFlagStatus
 .text.DMA_ClearFlag
                0x080014c8       0x5c ./Libraries/STM32F4xx_StdPeriph_Driver/src/stm32f4xx_dma.o
                0x080014c8                DMA_ClearFlag
 .text.I2C_GenerateSTOP
                0x08001524       0x40 ./Libraries/STM32F4xx_StdPeriph_Driver/src/stm32f4xx_i2c.o
                0x08001524                I2C_GenerateSTOP
 .text.I2C_GetFlagStatus
                0x08001564       0x66 ./Libraries/STM32F4xx_StdPeriph_Driver/src/stm32f4xx_i2c.o
                0x08001564                I2C_GetFlagStatus
 .text.vidUSART_Init
                0x080015ca       0xb0 ./Drivers/USART/USART_Prog.o
                0x080015ca                vidUSART_Init
 .text.vidUSART_SendChar
                0x0800167a       0x2c ./Drivers/USART/USART_Prog.o
                0x0800167a                vidUSART_SendChar
 .text.vidUSART_SendString
                0x080016a6       0x44 ./Drivers/USART/USART_Prog.o
                0x080016a6                vidUSART_SendString
 .text.vidUSART_Receive
                0x080016ea       0xee ./Drivers/USART/USART_Prog.o
                0x080016ea                vidUSART_Receive
 .text.vidUSART_InitReg
                0x080017d8       0x38 ./Drivers/USART/USART_Prog.o
                0x080017d8                vidUSART_InitReg
 .text.SysTick_Handler
                0x08001810       0x24 ./Drivers/SYSTICK/SYSTICK_Prog.o
                0x08001810                SysTick_Handler
 .text._delay_ms
                0x08001834       0x28 ./Drivers/SYSTICK/SYSTICK_Prog.o
                0x08001834                _delay_ms
 .text.vidSYSTICK_Init
                0x0800185c       0x34 ./Drivers/SYSTICK/SYSTICK_Prog.o
                0x0800185c                vidSYSTICK_Init
 .text.vidRCC_Init
                0x08001890       0x2c ./Drivers/RCC/RCC_Prog.o
                0x08001890                vidRCC_Init
 .text.vidRCC_EnableClock
                0x080018bc       0xd0 ./Drivers/RCC/RCC_Prog.o
                0x080018bc                vidRCC_EnableClock
 .text.vidNVIC_Init
                0x0800198c       0x28 ./Drivers/NVIC/NVIC_Prog.o
                0x0800198c                vidNVIC_Init
 .text.vidGPIO_Init_Reg
                0x080019b4      0x218 ./Drivers/GPIO/GPIO_Prog.o
                0x080019b4                vidGPIO_Init_Reg
 .text.vidGPIO_Init
                0x08001bcc       0x84 ./Drivers/GPIO/GPIO_Prog.o
                0x08001bcc                vidGPIO_Init
 .text.vidGPIO_SetPinValue
                0x08001c50       0x66 ./Drivers/GPIO/GPIO_Prog.o
                0x08001c50                vidGPIO_SetPinValue
 .text.vidGPIO_AlternateFunction
                0x08001cb6       0x64 ./Drivers/GPIO/GPIO_Prog.o
                0x08001cb6                vidGPIO_AlternateFunction
 .text.u8GPIO_GetPinValue
                0x08001d1a       0x36 ./Drivers/GPIO/GPIO_Prog.o
                0x08001d1a                u8GPIO_GetPinValue
 .text.FLASH_Erase
                0x08001d50       0x78 ./Drivers/FLASH/Flash_Prog.o
                0x08001d50                FLASH_Erase
 .text.FLASH_Program
                0x08001dc8       0x68 ./Drivers/FLASH/Flash_Prog.o
                0x08001dc8                FLASH_Program
 .text.FLASH_Wait_Till_Operation_End
                0x08001e30       0x3c ./Drivers/FLASH/Flash_Prog.o
                0x08001e30                FLASH_Wait_Till_Operation_End
 .text.FLASH_Unlock_OB_Sequence
                0x08001e6c       0x38 ./Drivers/FLASH/Flash_Prog.o
                0x08001e6c                FLASH_Unlock_OB_Sequence
 .text.FLASH_Unlock_Sequence
                0x08001ea4       0x3c ./Drivers/FLASH/Flash_Prog.o
                0x08001ea4                FLASH_Unlock_Sequence
 .text.FLASH_Lock_Sequence
                0x08001ee0       0x24 ./Drivers/FLASH/Flash_Prog.o
                0x08001ee0                FLASH_Lock_Sequence
 .text.FLASH_Lock_OB_Sequence
                0x08001f04       0x20 ./Drivers/FLASH/Flash_Prog.o
                0x08001f04                FLASH_Lock_OB_Sequence
 .text.FLASH_Disable_Read_Write_Protection
                0x08001f24       0x6c ./Drivers/FLASH/Flash_Prog.o
                0x08001f24                FLASH_Disable_Read_Write_Protection
 .text.FLASH_Enable_Read_Write_Protection
                0x08001f90      0x2a0 ./Drivers/FLASH/Flash_Prog.o
                0x08001f90                FLASH_Enable_Read_Write_Protection
 .text.u32FLASH_Read_Protection_Level
                0x08002230       0x48 ./Drivers/FLASH/Flash_Prog.o
                0x08002230                u32FLASH_Read_Protection_Level
 .text.FLASH_Enable_Write_Protection
                0x08002278      0x244 ./Drivers/FLASH/Flash_Prog.o
                0x08002278                FLASH_Enable_Write_Protection
 .text.FLASH_Mass_Erase
                0x080024bc       0xa0 ./Drivers/FLASH/Flash_Prog.o
                0x080024bc                FLASH_Mass_Erase
 .text.FLASH_Sector_Erase
                0x0800255c       0xc0 ./Drivers/FLASH/Flash_Prog.o
                0x0800255c                FLASH_Sector_Erase
 .text.vidFLASH_FlushCaches
                0x0800261c       0x8c ./Drivers/FLASH/Flash_Prog.o
                0x0800261c                vidFLASH_FlushCaches
 .text.vidFLASH_ProgramByte
                0x080026a8       0x44 ./Drivers/FLASH/Flash_Prog.o
                0x080026a8                vidFLASH_ProgramByte
 .text.vidFLASH_ProgramHalfWord
                0x080026ec       0x44 ./Drivers/FLASH/Flash_Prog.o
                0x080026ec                vidFLASH_ProgramHalfWord
 .text.vidFLASH_ProgramWord
                0x08002730       0x40 ./Drivers/FLASH/Flash_Prog.o
                0x08002730                vidFLASH_ProgramWord
 .text.vidFLASH_ProgramDoubleWord
                0x08002770       0x58 ./Drivers/FLASH/Flash_Prog.o
                0x08002770                vidFLASH_ProgramDoubleWord
 .text.u16Get_MCU_ID
                0x080027c8       0x28 ./Drivers/DEBUG/Debug_Prog.o
                0x080027c8                u16Get_MCU_ID
 .text.u32CRC_Accumulate
                0x080027f0       0x46 ./Drivers/CRC/CRC_Prog.o
                0x080027f0                u32CRC_Accumulate
 .text.vidCRC_Reset
                0x08002836       0x20 ./Drivers/CRC/CRC_Prog.o
                0x08002836                vidCRC_Reset
 *fill*         0x08002856        0x2 
 .text.__libc_init_array
                0x08002858       0x48 c:/program files (x86)/atollic/truestudio for stm32 9.3.0/armtools/bin/../lib/gcc/arm-atollic-eabi/6.3.1/../../../../arm-atollic-eabi/lib/armv7e-m/fpu\libc_nano.a(lib_a-init.o)
                0x08002858                __libc_init_array
 .text.memset   0x080028a0       0x10 c:/program files (x86)/atollic/truestudio for stm32 9.3.0/armtools/bin/../lib/gcc/arm-atollic-eabi/6.3.1/../../../../arm-atollic-eabi/lib/armv7e-m/fpu\libc_nano.a(lib_a-memset.o)
                0x080028a0                memset
 *(.glue_7)
 .glue_7        0x080028b0        0x0 linker stubs
 *(.glue_7t)
 .glue_7t       0x080028b0        0x0 linker stubs
 *(.eh_frame)
 .eh_frame      0x080028b0        0x0 c:/program files (x86)/atollic/truestudio for stm32 9.3.0/armtools/bin/../lib/gcc/arm-atollic-eabi/6.3.1/armv7e-m/fpu/crtbegin.o
 *(.init)
 .init          0x080028b0        0x4 c:/program files (x86)/atollic/truestudio for stm32 9.3.0/armtools/bin/../lib/gcc/arm-atollic-eabi/6.3.1/armv7e-m/fpu/crti.o
                0x080028b0                _init
 .init          0x080028b4        0x8 c:/program files (x86)/atollic/truestudio for stm32 9.3.0/armtools/bin/../lib/gcc/arm-atollic-eabi/6.3.1/armv7e-m/fpu/crtn.o
 *(.fini)
 .fini          0x080028bc        0x4 c:/program files (x86)/atollic/truestudio for stm32 9.3.0/armtools/bin/../lib/gcc/arm-atollic-eabi/6.3.1/armv7e-m/fpu/crti.o
                0x080028bc                _fini
 .fini          0x080028c0        0x8 c:/program files (x86)/atollic/truestudio for stm32 9.3.0/armtools/bin/../lib/gcc/arm-atollic-eabi/6.3.1/armv7e-m/fpu/crtn.o
                0x080028c8                . = ALIGN (0x4)
                0x080028c8                _etext = .

.vfp11_veneer   0x080028c8        0x0
 .vfp11_veneer  0x080028c8        0x0 linker stubs

.v4_bx          0x080028c8        0x0
 .v4_bx         0x080028c8        0x0 linker stubs

.iplt           0x080028c8        0x0
 .iplt          0x080028c8        0x0 c:/program files (x86)/atollic/truestudio for stm32 9.3.0/armtools/bin/../lib/gcc/arm-atollic-eabi/6.3.1/armv7e-m/fpu/crtbegin.o

.rodata         0x080028c8      0x510
                0x080028c8                . = ALIGN (0x4)
 *(.rodata)
 .rodata        0x080028c8      0x50d ./src/main.o
 *(.rodata*)
                0x08002dd8                . = ALIGN (0x4)
 *fill*         0x08002dd5        0x3 

.rel.dyn        0x08002dd8        0x0
 .rel.iplt      0x08002dd8        0x0 c:/program files (x86)/atollic/truestudio for stm32 9.3.0/armtools/bin/../lib/gcc/arm-atollic-eabi/6.3.1/armv7e-m/fpu/crtbegin.o

.ARM.extab
 *(.ARM.extab* .gnu.linkonce.armextab.*)

.ARM            0x08002dd8        0x0
                0x08002dd8                __exidx_start = .
 *(.ARM.exidx*)
                0x08002dd8                __exidx_end = .

.preinit_array  0x08002dd8        0x0
                0x08002dd8                PROVIDE (__preinit_array_start, .)
 *(.preinit_array*)
                0x08002dd8                PROVIDE (__preinit_array_end, .)

.init_array     0x08002dd8        0x4
                0x08002dd8                PROVIDE (__init_array_start, .)
 *(SORT(.init_array.*))
 *(.init_array*)
 .init_array    0x08002dd8        0x4 c:/program files (x86)/atollic/truestudio for stm32 9.3.0/armtools/bin/../lib/gcc/arm-atollic-eabi/6.3.1/armv7e-m/fpu/crtbegin.o
                0x08002ddc                PROVIDE (__init_array_end, .)

.fini_array     0x08002ddc        0x4
                [!provide]                PROVIDE (__fini_array_start, .)
 *(SORT(.fini_array.*))
 *(.fini_array*)
 .fini_array    0x08002ddc        0x4 c:/program files (x86)/atollic/truestudio for stm32 9.3.0/armtools/bin/../lib/gcc/arm-atollic-eabi/6.3.1/armv7e-m/fpu/crtbegin.o
                [!provide]                PROVIDE (__fini_array_end, .)
                0x08002de0                _sidata = LOADADDR (.data)

.data           0x20000000       0x10 load address 0x08002de0
                0x20000000                . = ALIGN (0x4)
                0x20000000                _sdata = .
 *(.data)
 *(.data*)
 .data.Supported_Commands
                0x20000000        0xb ./src/main.o
                0x20000000                Supported_Commands
 *fill*         0x2000000b        0x1 
 .data.sEETimeout
                0x2000000c        0x4 ./Utilities/STM32F429I-Discovery/stm32f429i_discovery_i2c_ee.o
                0x2000000c                sEETimeout
                0x20000010                . = ALIGN (0x4)
                0x20000010                _edata = .
                0x08002df0                _siccmram = LOADADDR (.ccmram)

.igot.plt       0x20000010        0x0 load address 0x08002df0
 .igot.plt      0x20000010        0x0 c:/program files (x86)/atollic/truestudio for stm32 9.3.0/armtools/bin/../lib/gcc/arm-atollic-eabi/6.3.1/armv7e-m/fpu/crtbegin.o

.ccmram         0x10000000        0x0 load address 0x08002df0
                0x10000000                . = ALIGN (0x4)
                0x10000000                _sccmram = .
 *(.ccmram)
 *(.ccmram*)
                0x10000000                . = ALIGN (0x4)
                0x10000000                _eccmram = .
                0x10000000                . = ALIGN (0x4)

.bss            0x20000010      0x10c
                0x20000010                _sbss = .
                0x20000010                __bss_start__ = _sbss
 *(.bss)
 .bss           0x20000010       0x1c c:/program files (x86)/atollic/truestudio for stm32 9.3.0/armtools/bin/../lib/gcc/arm-atollic-eabi/6.3.1/armv7e-m/fpu/crtbegin.o
 *(.bss*)
 .bss.hgpio     0x2000002c        0x8 ./src/main.o
                0x2000002c                hgpio
 *(COMMON)
 COMMON         0x20000034       0xd6 ./src/main.o
                0x20000034                BL_Rx_Buffer
                0x200000fc                husart1
 *fill*         0x2000010a        0x2 
 COMMON         0x2000010c        0xc ./Utilities/STM32F429I-Discovery/stm32f429i_discovery_i2c_ee.o
                0x2000010c                sEEDataWritePointer
                0x20000110                sEEDataNum
                0x20000114                sEEDataReadPointer
 COMMON         0x20000118        0x4 ./Drivers/SYSTICK/SYSTICK_Prog.o
                0x20000118                DELAY_X
                0x2000011c                . = ALIGN (0x4)
                0x2000011c                _ebss = .
                0x2000011c                __bss_end__ = _ebss

._user_heap_stack
                0x2000011c      0x400
                0x2000011c                . = ALIGN (0x4)
                [!provide]                PROVIDE (end, .)
                [!provide]                PROVIDE (_end, .)
                0x2000011c                . = (. + _Min_Heap_Size)
                0x2000051c                . = (. + _Min_Stack_Size)
 *fill*         0x2000011c      0x400 
                0x2000051c                . = ALIGN (0x4)

.memory_b1_text
 *(.mb1text)
 *(.mb1text*)
 *(.mb1rodata)
 *(.mb1rodata*)

/DISCARD/
 libc.a(*)
 libm.a(*)
 libgcc.a(*)

.ARM.attributes
                0x00000000       0x30
 *(.ARM.attributes)
 .ARM.attributes
                0x00000000       0x22 c:/program files (x86)/atollic/truestudio for stm32 9.3.0/armtools/bin/../lib/gcc/arm-atollic-eabi/6.3.1/armv7e-m/fpu/crti.o
 .ARM.attributes
                0x00000022       0x34 c:/program files (x86)/atollic/truestudio for stm32 9.3.0/armtools/bin/../lib/gcc/arm-atollic-eabi/6.3.1/armv7e-m/fpu/crtbegin.o
 .ARM.attributes
                0x00000056       0x39 ./src/main.o
 .ARM.attributes
                0x0000008f       0x21 ./src/startup_stm32f429x.o
 .ARM.attributes
                0x000000b0       0x39 ./src/stm32f4xx_it.o
 .ARM.attributes
                0x000000e9       0x39 ./src/system_stm32f4xx.o
 .ARM.attributes
                0x00000122       0x39 ./Utilities/STM32F429I-Discovery/stm32f429i_discovery_i2c_ee.o
 .ARM.attributes
                0x0000015b       0x39 ./Libraries/STM32F4xx_StdPeriph_Driver/src/stm32f4xx_dma.o
 .ARM.attributes
                0x00000194       0x39 ./Libraries/STM32F4xx_StdPeriph_Driver/src/stm32f4xx_i2c.o
 .ARM.attributes
                0x000001cd       0x39 ./Drivers/USART/USART_Prog.o
 .ARM.attributes
                0x00000206       0x39 ./Drivers/SYSTICK/SYSTICK_Prog.o
 .ARM.attributes
                0x0000023f       0x39 ./Drivers/RCC/RCC_Prog.o
 .ARM.attributes
                0x00000278       0x39 ./Drivers/NVIC/NVIC_Prog.o
 .ARM.attributes
                0x000002b1       0x39 ./Drivers/GPIO/GPIO_Prog.o
 .ARM.attributes
                0x000002ea       0x39 ./Drivers/FLASH/Flash_Prog.o
 .ARM.attributes
                0x00000323       0x39 ./Drivers/DEBUG/Debug_Prog.o
 .ARM.attributes
                0x0000035c       0x39 ./Drivers/CRC/CRC_Prog.o
 .ARM.attributes
                0x00000395       0x34 c:/program files (x86)/atollic/truestudio for stm32 9.3.0/armtools/bin/../lib/gcc/arm-atollic-eabi/6.3.1/../../../../arm-atollic-eabi/lib/armv7e-m/fpu\libc_nano.a(lib_a-init.o)
 .ARM.attributes
                0x000003c9       0x34 c:/program files (x86)/atollic/truestudio for stm32 9.3.0/armtools/bin/../lib/gcc/arm-atollic-eabi/6.3.1/../../../../arm-atollic-eabi/lib/armv7e-m/fpu\libc_nano.a(lib_a-memset.o)
 .ARM.attributes
                0x000003fd       0x22 c:/program files (x86)/atollic/truestudio for stm32 9.3.0/armtools/bin/../lib/gcc/arm-atollic-eabi/6.3.1/armv7e-m/fpu/crtn.o
OUTPUT(IAP_BootLoader.elf elf32-littlearm)

.debug_info     0x00000000     0x4d55
 .debug_info    0x00000000     0x17f3 ./src/main.o
 .debug_info    0x000017f3       0x69 ./src/startup_stm32f429x.o
 .debug_info    0x0000185c      0x143 ./src/stm32f4xx_it.o
 .debug_info    0x0000199f      0x5f7 ./src/system_stm32f4xx.o
 .debug_info    0x00001f96      0x50d ./Utilities/STM32F429I-Discovery/stm32f429i_discovery_i2c_ee.o
 .debug_info    0x000024a3      0x74c ./Libraries/STM32F4xx_StdPeriph_Driver/src/stm32f4xx_dma.o
 .debug_info    0x00002bef      0xb9e ./Libraries/STM32F4xx_StdPeriph_Driver/src/stm32f4xx_i2c.o
 .debug_info    0x0000378d      0x592 ./Drivers/USART/USART_Prog.o
 .debug_info    0x00003d1f       0xf0 ./Drivers/SYSTICK/SYSTICK_Prog.o
 .debug_info    0x00003e0f      0x28e ./Drivers/RCC/RCC_Prog.o
 .debug_info    0x0000409d      0x183 ./Drivers/NVIC/NVIC_Prog.o
 .debug_info    0x00004220      0x3de ./Drivers/GPIO/GPIO_Prog.o
 .debug_info    0x000045fe      0x4a2 ./Drivers/FLASH/Flash_Prog.o
 .debug_info    0x00004aa0      0x10f ./Drivers/DEBUG/Debug_Prog.o
 .debug_info    0x00004baf      0x1a6 ./Drivers/CRC/CRC_Prog.o

.debug_abbrev   0x00000000     0x1163
 .debug_abbrev  0x00000000      0x376 ./src/main.o
 .debug_abbrev  0x00000376       0x12 ./src/startup_stm32f429x.o
 .debug_abbrev  0x00000388       0x78 ./src/stm32f4xx_it.o
 .debug_abbrev  0x00000400      0x158 ./src/system_stm32f4xx.o
 .debug_abbrev  0x00000558      0x1c7 ./Utilities/STM32F429I-Discovery/stm32f429i_discovery_i2c_ee.o
 .debug_abbrev  0x0000071f      0x168 ./Libraries/STM32F4xx_StdPeriph_Driver/src/stm32f4xx_dma.o
 .debug_abbrev  0x00000887      0x191 ./Libraries/STM32F4xx_StdPeriph_Driver/src/stm32f4xx_i2c.o
 .debug_abbrev  0x00000a18      0x133 ./Drivers/USART/USART_Prog.o
 .debug_abbrev  0x00000b4b       0x85 ./Drivers/SYSTICK/SYSTICK_Prog.o
 .debug_abbrev  0x00000bd0       0xb7 ./Drivers/RCC/RCC_Prog.o
 .debug_abbrev  0x00000c87       0x98 ./Drivers/NVIC/NVIC_Prog.o
 .debug_abbrev  0x00000d1f      0x100 ./Drivers/GPIO/GPIO_Prog.o
 .debug_abbrev  0x00000e1f      0x18b ./Drivers/FLASH/Flash_Prog.o
 .debug_abbrev  0x00000faa       0xb0 ./Drivers/DEBUG/Debug_Prog.o
 .debug_abbrev  0x0000105a      0x109 ./Drivers/CRC/CRC_Prog.o

.debug_aranges  0x00000000      0x680
 .debug_aranges
                0x00000000      0x128 ./src/main.o
 .debug_aranges
                0x00000128       0x28 ./src/startup_stm32f429x.o
 .debug_aranges
                0x00000150       0x58 ./src/stm32f4xx_it.o
 .debug_aranges
                0x000001a8       0x30 ./src/system_stm32f4xx.o
 .debug_aranges
                0x000001d8       0x58 ./Utilities/STM32F429I-Discovery/stm32f429i_discovery_i2c_ee.o
 .debug_aranges
                0x00000230       0xb0 ./Libraries/STM32F4xx_StdPeriph_Driver/src/stm32f4xx_dma.o
 .debug_aranges
                0x000002e0      0x130 ./Libraries/STM32F4xx_StdPeriph_Driver/src/stm32f4xx_i2c.o
 .debug_aranges
                0x00000410       0x50 ./Drivers/USART/USART_Prog.o
 .debug_aranges
                0x00000460       0x38 ./Drivers/SYSTICK/SYSTICK_Prog.o
 .debug_aranges
                0x00000498       0x38 ./Drivers/RCC/RCC_Prog.o
 .debug_aranges
                0x000004d0       0x50 ./Drivers/NVIC/NVIC_Prog.o
 .debug_aranges
                0x00000520       0x58 ./Drivers/GPIO/GPIO_Prog.o
 .debug_aranges
                0x00000578       0xa8 ./Drivers/FLASH/Flash_Prog.o
 .debug_aranges
                0x00000620       0x28 ./Drivers/DEBUG/Debug_Prog.o
 .debug_aranges
                0x00000648       0x38 ./Drivers/CRC/CRC_Prog.o

.debug_ranges   0x00000000      0x598
 .debug_ranges  0x00000000      0x118 ./src/main.o
 .debug_ranges  0x00000118       0x20 ./src/startup_stm32f429x.o
 .debug_ranges  0x00000138       0x48 ./src/stm32f4xx_it.o
 .debug_ranges  0x00000180       0x20 ./src/system_stm32f4xx.o
 .debug_ranges  0x000001a0       0x48 ./Utilities/STM32F429I-Discovery/stm32f429i_discovery_i2c_ee.o
 .debug_ranges  0x000001e8       0xa0 ./Libraries/STM32F4xx_StdPeriph_Driver/src/stm32f4xx_dma.o
 .debug_ranges  0x00000288      0x120 ./Libraries/STM32F4xx_StdPeriph_Driver/src/stm32f4xx_i2c.o
 .debug_ranges  0x000003a8       0x40 ./Drivers/USART/USART_Prog.o
 .debug_ranges  0x000003e8       0x28 ./Drivers/SYSTICK/SYSTICK_Prog.o
 .debug_ranges  0x00000410       0x28 ./Drivers/RCC/RCC_Prog.o
 .debug_ranges  0x00000438       0x40 ./Drivers/NVIC/NVIC_Prog.o
 .debug_ranges  0x00000478       0x48 ./Drivers/GPIO/GPIO_Prog.o
 .debug_ranges  0x000004c0       0x98 ./Drivers/FLASH/Flash_Prog.o
 .debug_ranges  0x00000558       0x18 ./Drivers/DEBUG/Debug_Prog.o
 .debug_ranges  0x00000570       0x28 ./Drivers/CRC/CRC_Prog.o

.debug_line     0x00000000     0x2397
 .debug_line    0x00000000      0x6cd ./src/main.o
 .debug_line    0x000006cd       0x7a ./src/startup_stm32f429x.o
 .debug_line    0x00000747      0x219 ./src/stm32f4xx_it.o
 .debug_line    0x00000960      0x21e ./src/system_stm32f4xx.o
 .debug_line    0x00000b7e      0x42f ./Utilities/STM32F429I-Discovery/stm32f429i_discovery_i2c_ee.o
 .debug_line    0x00000fad      0x442 ./Libraries/STM32F4xx_StdPeriph_Driver/src/stm32f4xx_dma.o
 .debug_line    0x000013ef      0x52e ./Libraries/STM32F4xx_StdPeriph_Driver/src/stm32f4xx_i2c.o
 .debug_line    0x0000191d      0x193 ./Drivers/USART/USART_Prog.o
 .debug_line    0x00001ab0       0xba ./Drivers/SYSTICK/SYSTICK_Prog.o
 .debug_line    0x00001b6a      0x13a ./Drivers/RCC/RCC_Prog.o
 .debug_line    0x00001ca4       0xf9 ./Drivers/NVIC/NVIC_Prog.o
 .debug_line    0x00001d9d      0x17f ./Drivers/GPIO/GPIO_Prog.o
 .debug_line    0x00001f1c      0x302 ./Drivers/FLASH/Flash_Prog.o
 .debug_line    0x0000221e       0x9a ./Drivers/DEBUG/Debug_Prog.o
 .debug_line    0x000022b8       0xdf ./Drivers/CRC/CRC_Prog.o

.debug_str      0x00000000     0x2480
 .debug_str     0x00000000     0x1094 ./src/main.o
                               0x114c (size before relaxing)
 .debug_str     0x00001094       0xbd ./src/stm32f4xx_it.o
                                0x256 (size before relaxing)
 .debug_str     0x00001151      0x221 ./src/system_stm32f4xx.o
                                0x40c (size before relaxing)
 .debug_str     0x00001372      0x253 ./Utilities/STM32F429I-Discovery/stm32f429i_discovery_i2c_ee.o
                                0x498 (size before relaxing)
 .debug_str     0x000015c5      0x38c ./Libraries/STM32F4xx_StdPeriph_Driver/src/stm32f4xx_dma.o
                                0x5b9 (size before relaxing)
 .debug_str     0x00001951      0x3dd ./Libraries/STM32F4xx_StdPeriph_Driver/src/stm32f4xx_i2c.o
                                0x729 (size before relaxing)
 .debug_str     0x00001d2e      0x140 ./Drivers/USART/USART_Prog.o
                                0x41c (size before relaxing)
 .debug_str     0x00001e6e       0x6e ./Drivers/SYSTICK/SYSTICK_Prog.o
                                0x1dc (size before relaxing)
 .debug_str     0x00001edc       0x94 ./Drivers/RCC/RCC_Prog.o
                                0x2c0 (size before relaxing)
 .debug_str     0x00001f70       0xaa ./Drivers/NVIC/NVIC_Prog.o
                                0x216 (size before relaxing)
 .debug_str     0x0000201a       0xdf ./Drivers/GPIO/GPIO_Prog.o
                                0x3da (size before relaxing)
 .debug_str     0x000020f9      0x2a6 ./Drivers/FLASH/Flash_Prog.o
                                0x49a (size before relaxing)
 .debug_str     0x0000239f       0x6c ./Drivers/DEBUG/Debug_Prog.o
                                0x1d9 (size before relaxing)
 .debug_str     0x0000240b       0x75 ./Drivers/CRC/CRC_Prog.o
                                0x1f0 (size before relaxing)

.comment        0x00000000       0x7c
 .comment       0x00000000       0x7c ./src/main.o
                                 0x7d (size before relaxing)
 .comment       0x0000007c       0x7d ./src/stm32f4xx_it.o
 .comment       0x0000007c       0x7d ./src/system_stm32f4xx.o
 .comment       0x0000007c       0x7d ./Utilities/STM32F429I-Discovery/stm32f429i_discovery_i2c_ee.o
 .comment       0x0000007c       0x7d ./Libraries/STM32F4xx_StdPeriph_Driver/src/stm32f4xx_dma.o
 .comment       0x0000007c       0x7d ./Libraries/STM32F4xx_StdPeriph_Driver/src/stm32f4xx_i2c.o
 .comment       0x0000007c       0x7d ./Drivers/USART/USART_Prog.o
 .comment       0x0000007c       0x7d ./Drivers/SYSTICK/SYSTICK_Prog.o
 .comment       0x0000007c       0x7d ./Drivers/RCC/RCC_Prog.o
 .comment       0x0000007c       0x7d ./Drivers/NVIC/NVIC_Prog.o
 .comment       0x0000007c       0x7d ./Drivers/GPIO/GPIO_Prog.o
 .comment       0x0000007c       0x7d ./Drivers/FLASH/Flash_Prog.o
 .comment       0x0000007c       0x7d ./Drivers/DEBUG/Debug_Prog.o
 .comment       0x0000007c       0x7d ./Drivers/CRC/CRC_Prog.o

.debug_frame    0x00000000     0x188c
 .debug_frame   0x00000000      0x4c0 ./src/main.o
 .debug_frame   0x000004c0       0xf0 ./src/stm32f4xx_it.o
 .debug_frame   0x000005b0       0x7c ./src/system_stm32f4xx.o
 .debug_frame   0x0000062c      0x120 ./Utilities/STM32F429I-Discovery/stm32f429i_discovery_i2c_ee.o
 .debug_frame   0x0000074c      0x308 ./Libraries/STM32F4xx_StdPeriph_Driver/src/stm32f4xx_dma.o
 .debug_frame   0x00000a54      0x580 ./Libraries/STM32F4xx_StdPeriph_Driver/src/stm32f4xx_i2c.o
 .debug_frame   0x00000fd4      0x118 ./Drivers/USART/USART_Prog.o
 .debug_frame   0x000010ec       0xa0 ./Drivers/SYSTICK/SYSTICK_Prog.o
 .debug_frame   0x0000118c       0xa0 ./Drivers/RCC/RCC_Prog.o
 .debug_frame   0x0000122c      0x120 ./Drivers/NVIC/NVIC_Prog.o
 .debug_frame   0x0000134c      0x148 ./Drivers/GPIO/GPIO_Prog.o
 .debug_frame   0x00001494      0x2a4 ./Drivers/FLASH/Flash_Prog.o
 .debug_frame   0x00001738       0x60 ./Drivers/DEBUG/Debug_Prog.o
 .debug_frame   0x00001798       0xa8 ./Drivers/CRC/CRC_Prog.o
 .debug_frame   0x00001840       0x2c c:/program files (x86)/atollic/truestudio for stm32 9.3.0/armtools/bin/../lib/gcc/arm-atollic-eabi/6.3.1/../../../../arm-atollic-eabi/lib/armv7e-m/fpu\libc_nano.a(lib_a-init.o)
 .debug_frame   0x0000186c       0x20 c:/program files (x86)/atollic/truestudio for stm32 9.3.0/armtools/bin/../lib/gcc/arm-atollic-eabi/6.3.1/../../../../arm-atollic-eabi/lib/armv7e-m/fpu\libc_nano.a(lib_a-memset.o)

.stabstr        0x00000000       0x3f
 .stabstr       0x00000000       0x3f c:/program files (x86)/atollic/truestudio for stm32 9.3.0/armtools/bin/../lib/gcc/arm-atollic-eabi/6.3.1/../../../../arm-atollic-eabi/lib/armv7e-m/fpu\libnosys.a(write.o)

Cross Reference Table

Symbol                                            File
ADC_AnalogWatchdogCmd                             ./Libraries/STM32F4xx_StdPeriph_Driver/src/stm32f4xx_adc.o
ADC_AnalogWatchdogSingleChannelConfig             ./Libraries/STM32F4xx_StdPeriph_Driver/src/stm32f4xx_adc.o
ADC_AnalogWatchdogThresholdsConfig                ./Libraries/STM32F4xx_StdPeriph_Driver/src/stm32f4xx_adc.o
ADC_AutoInjectedConvCmd                           ./Libraries/STM32F4xx_StdPeriph_Driver/src/stm32f4xx_adc.o
ADC_ClearFlag                                     ./Libraries/STM32F4xx_StdPeriph_Driver/src/stm32f4xx_adc.o
ADC_ClearITPendingBit                             ./Libraries/STM32F4xx_StdPeriph_Driver/src/stm32f4xx_adc.o
ADC_Cmd                                           ./Libraries/STM32F4xx_StdPeriph_Driver/src/stm32f4xx_adc.o
ADC_CommonInit                                    ./Libraries/STM32F4xx_StdPeriph_Driver/src/stm32f4xx_adc.o
ADC_CommonStructInit                              ./Libraries/STM32F4xx_StdPeriph_Driver/src/stm32f4xx_adc.o
ADC_ContinuousModeCmd                             ./Libraries/STM32F4xx_StdPeriph_Driver/src/stm32f4xx_adc.o
ADC_DMACmd                                        ./Libraries/STM32F4xx_StdPeriph_Driver/src/stm32f4xx_adc.o
ADC_DMARequestAfterLastTransferCmd                ./Libraries/STM32F4xx_StdPeriph_Driver/src/stm32f4xx_adc.o
ADC_DeInit                                        ./Libraries/STM32F4xx_StdPeriph_Driver/src/stm32f4xx_adc.o
ADC_DiscModeChannelCountConfig                    ./Libraries/STM32F4xx_StdPeriph_Driver/src/stm32f4xx_adc.o
ADC_DiscModeCmd                                   ./Libraries/STM32F4xx_StdPeriph_Driver/src/stm32f4xx_adc.o
ADC_EOCOnEachRegularChannelCmd                    ./Libraries/STM32F4xx_StdPeriph_Driver/src/stm32f4xx_adc.o
ADC_ExternalTrigInjectedConvConfig                ./Libraries/STM32F4xx_StdPeriph_Driver/src/stm32f4xx_adc.o
ADC_ExternalTrigInjectedConvEdgeConfig            ./Libraries/STM32F4xx_StdPeriph_Driver/src/stm32f4xx_adc.o
ADC_GetConversionValue                            ./Libraries/STM32F4xx_StdPeriph_Driver/src/stm32f4xx_adc.o
ADC_GetFlagStatus                                 ./Libraries/STM32F4xx_StdPeriph_Driver/src/stm32f4xx_adc.o
ADC_GetITStatus                                   ./Libraries/STM32F4xx_StdPeriph_Driver/src/stm32f4xx_adc.o
ADC_GetInjectedConversionValue                    ./Libraries/STM32F4xx_StdPeriph_Driver/src/stm32f4xx_adc.o
ADC_GetMultiModeConversionValue                   ./Libraries/STM32F4xx_StdPeriph_Driver/src/stm32f4xx_adc.o
ADC_GetSoftwareStartConvStatus                    ./Libraries/STM32F4xx_StdPeriph_Driver/src/stm32f4xx_adc.o
ADC_GetSoftwareStartInjectedConvCmdStatus         ./Libraries/STM32F4xx_StdPeriph_Driver/src/stm32f4xx_adc.o
ADC_IRQHandler                                    ./src/startup_stm32f429x.o
ADC_ITConfig                                      ./Libraries/STM32F4xx_StdPeriph_Driver/src/stm32f4xx_adc.o
ADC_Init                                          ./Libraries/STM32F4xx_StdPeriph_Driver/src/stm32f4xx_adc.o
ADC_InjectedChannelConfig                         ./Libraries/STM32F4xx_StdPeriph_Driver/src/stm32f4xx_adc.o
ADC_InjectedDiscModeCmd                           ./Libraries/STM32F4xx_StdPeriph_Driver/src/stm32f4xx_adc.o
ADC_InjectedSequencerLengthConfig                 ./Libraries/STM32F4xx_StdPeriph_Driver/src/stm32f4xx_adc.o
ADC_MultiModeDMARequestAfterLastTransferCmd       ./Libraries/STM32F4xx_StdPeriph_Driver/src/stm32f4xx_adc.o
ADC_RegularChannelConfig                          ./Libraries/STM32F4xx_StdPeriph_Driver/src/stm32f4xx_adc.o
ADC_SetInjectedOffset                             ./Libraries/STM32F4xx_StdPeriph_Driver/src/stm32f4xx_adc.o
ADC_SoftwareStartConv                             ./Libraries/STM32F4xx_StdPeriph_Driver/src/stm32f4xx_adc.o
ADC_SoftwareStartInjectedConv                     ./Libraries/STM32F4xx_StdPeriph_Driver/src/stm32f4xx_adc.o
ADC_StructInit                                    ./Libraries/STM32F4xx_StdPeriph_Driver/src/stm32f4xx_adc.o
ADC_TempSensorVrefintCmd                          ./Libraries/STM32F4xx_StdPeriph_Driver/src/stm32f4xx_adc.o
ADC_VBATCmd                                       ./Libraries/STM32F4xx_StdPeriph_Driver/src/stm32f4xx_adc.o
AHBPrescTable                                     ./src/system_stm32f4xx.o
ASCII12x12_Table                                  ./Utilities/Common/fonts.o
ASCII16x24_Table                                  ./Utilities/Common/fonts.o
ASCII8x12_Table                                   ./Utilities/Common/fonts.o
ASCII8x8_Table                                    ./Utilities/Common/fonts.o
BL_Rx_Buffer                                      ./src/main.o
BUTTON_CLK                                        ./Utilities/STM32F429I-Discovery/stm32f429i_discovery.o
BUTTON_EXTI_LINE                                  ./Utilities/STM32F429I-Discovery/stm32f429i_discovery.o
BUTTON_IRQn                                       ./Utilities/STM32F429I-Discovery/stm32f429i_discovery.o
BUTTON_PIN                                        ./Utilities/STM32F429I-Discovery/stm32f429i_discovery.o
BUTTON_PIN_SOURCE                                 ./Utilities/STM32F429I-Discovery/stm32f429i_discovery.o
BUTTON_PORT                                       ./Utilities/STM32F429I-Discovery/stm32f429i_discovery.o
BUTTON_PORT_SOURCE                                ./Utilities/STM32F429I-Discovery/stm32f429i_discovery.o
BootLoader_Handle_Disable_RW_Protection           ./src/main.o
BootLoader_Handle_Enable_RW_Protection            ./src/main.o
BootLoader_Handle_Flash_Erase_CMD                 ./src/main.o
BootLoader_Handle_Flash_Mass_Erase_CMD            ./src/main.o
BootLoader_Handle_GetCID_CMD                      ./src/main.o
BootLoader_Handle_GetHelp_CMD                     ./src/main.o
BootLoader_Handle_GetRDP_CMD                      ./src/main.o
BootLoader_Handle_GetVer_CMD                      ./src/main.o
BootLoader_Handle_Go_CMD                          ./src/main.o
BootLoader_Handle_Mem_Read                        ./src/main.o
BootLoader_Handle_Mem_Write_CMD                   ./src/main.o
BootLoader_Handle_Read_OTP                        ./src/main.o
BootLoader_Handle_Read_Sector_Status              ./src/main.o
BootLoader_Send_ACK                               ./src/main.o
BootLoader_Send_NACK                              ./src/main.o
BootLoader_UART_Write_Data                        ./src/main.o
BootLoader_Verify_CRC                             ./src/main.o
Bootloader_Jump_To_User_Application               ./src/main.o
Bootloader_UART_Read_Data                         ./src/main.o
BusFault_Handler                                  ./src/stm32f4xx_it.o
                                                  ./src/startup_stm32f429x.o
CAN1_RX0_IRQHandler                               ./src/startup_stm32f429x.o
CAN1_RX1_IRQHandler                               ./src/startup_stm32f429x.o
CAN1_SCE_IRQHandler                               ./src/startup_stm32f429x.o
CAN1_TX_IRQHandler                                ./src/startup_stm32f429x.o
CAN2_RX0_IRQHandler                               ./src/startup_stm32f429x.o
CAN2_RX1_IRQHandler                               ./src/startup_stm32f429x.o
CAN2_SCE_IRQHandler                               ./src/startup_stm32f429x.o
CAN2_TX_IRQHandler                                ./src/startup_stm32f429x.o
CAN_CancelTransmit                                ./Libraries/STM32F4xx_StdPeriph_Driver/src/stm32f4xx_can.o
CAN_ClearFlag                                     ./Libraries/STM32F4xx_StdPeriph_Driver/src/stm32f4xx_can.o
CAN_ClearITPendingBit                             ./Libraries/STM32F4xx_StdPeriph_Driver/src/stm32f4xx_can.o
CAN_DBGFreeze                                     ./Libraries/STM32F4xx_StdPeriph_Driver/src/stm32f4xx_can.o
CAN_DeInit                                        ./Libraries/STM32F4xx_StdPeriph_Driver/src/stm32f4xx_can.o
CAN_FIFORelease                                   ./Libraries/STM32F4xx_StdPeriph_Driver/src/stm32f4xx_can.o
CAN_FilterInit                                    ./Libraries/STM32F4xx_StdPeriph_Driver/src/stm32f4xx_can.o
CAN_GetFlagStatus                                 ./Libraries/STM32F4xx_StdPeriph_Driver/src/stm32f4xx_can.o
CAN_GetITStatus                                   ./Libraries/STM32F4xx_StdPeriph_Driver/src/stm32f4xx_can.o
CAN_GetLSBTransmitErrorCounter                    ./Libraries/STM32F4xx_StdPeriph_Driver/src/stm32f4xx_can.o
CAN_GetLastErrorCode                              ./Libraries/STM32F4xx_StdPeriph_Driver/src/stm32f4xx_can.o
CAN_GetReceiveErrorCounter                        ./Libraries/STM32F4xx_StdPeriph_Driver/src/stm32f4xx_can.o
CAN_ITConfig                                      ./Libraries/STM32F4xx_StdPeriph_Driver/src/stm32f4xx_can.o
CAN_Init                                          ./Libraries/STM32F4xx_StdPeriph_Driver/src/stm32f4xx_can.o
CAN_MessagePending                                ./Libraries/STM32F4xx_StdPeriph_Driver/src/stm32f4xx_can.o
CAN_OperatingModeRequest                          ./Libraries/STM32F4xx_StdPeriph_Driver/src/stm32f4xx_can.o
CAN_Receive                                       ./Libraries/STM32F4xx_StdPeriph_Driver/src/stm32f4xx_can.o
CAN_SlaveStartBank                                ./Libraries/STM32F4xx_StdPeriph_Driver/src/stm32f4xx_can.o
CAN_Sleep                                         ./Libraries/STM32F4xx_StdPeriph_Driver/src/stm32f4xx_can.o
CAN_StructInit                                    ./Libraries/STM32F4xx_StdPeriph_Driver/src/stm32f4xx_can.o
CAN_TTComModeCmd                                  ./Libraries/STM32F4xx_StdPeriph_Driver/src/stm32f4xx_can.o
CAN_Transmit                                      ./Libraries/STM32F4xx_StdPeriph_Driver/src/stm32f4xx_can.o
CAN_TransmitStatus                                ./Libraries/STM32F4xx_StdPeriph_Driver/src/stm32f4xx_can.o
CAN_WakeUp                                        ./Libraries/STM32F4xx_StdPeriph_Driver/src/stm32f4xx_can.o
CRC_CalcBlockCRC                                  ./Libraries/STM32F4xx_StdPeriph_Driver/src/stm32f4xx_crc.o
CRC_CalcCRC                                       ./Libraries/STM32F4xx_StdPeriph_Driver/src/stm32f4xx_crc.o
CRC_GetCRC                                        ./Libraries/STM32F4xx_StdPeriph_Driver/src/stm32f4xx_crc.o
CRC_GetIDRegister                                 ./Libraries/STM32F4xx_StdPeriph_Driver/src/stm32f4xx_crc.o
CRC_ResetDR                                       ./Libraries/STM32F4xx_StdPeriph_Driver/src/stm32f4xx_crc.o
CRC_SetIDRegister                                 ./Libraries/STM32F4xx_StdPeriph_Driver/src/stm32f4xx_crc.o
CRYP_AES_CBC                                      ./Libraries/STM32F4xx_StdPeriph_Driver/src/stm32f4xx_cryp_aes.o
CRYP_AES_CCM                                      ./Libraries/STM32F4xx_StdPeriph_Driver/src/stm32f4xx_cryp_aes.o
CRYP_AES_CTR                                      ./Libraries/STM32F4xx_StdPeriph_Driver/src/stm32f4xx_cryp_aes.o
CRYP_AES_ECB                                      ./Libraries/STM32F4xx_StdPeriph_Driver/src/stm32f4xx_cryp_aes.o
CRYP_AES_GCM                                      ./Libraries/STM32F4xx_StdPeriph_Driver/src/stm32f4xx_cryp_aes.o
CRYP_Cmd                                          ./Libraries/STM32F4xx_StdPeriph_Driver/src/stm32f4xx_cryp.o
                                                  ./Libraries/STM32F4xx_StdPeriph_Driver/src/stm32f4xx_cryp_tdes.o
                                                  ./Libraries/STM32F4xx_StdPeriph_Driver/src/stm32f4xx_cryp_des.o
                                                  ./Libraries/STM32F4xx_StdPeriph_Driver/src/stm32f4xx_cryp_aes.o
CRYP_DES_CBC                                      ./Libraries/STM32F4xx_StdPeriph_Driver/src/stm32f4xx_cryp_des.o
CRYP_DES_ECB                                      ./Libraries/STM32F4xx_StdPeriph_Driver/src/stm32f4xx_cryp_des.o
CRYP_DMACmd                                       ./Libraries/STM32F4xx_StdPeriph_Driver/src/stm32f4xx_cryp.o
CRYP_DataIn                                       ./Libraries/STM32F4xx_StdPeriph_Driver/src/stm32f4xx_cryp.o
                                                  ./Libraries/STM32F4xx_StdPeriph_Driver/src/stm32f4xx_cryp_tdes.o
                                                  ./Libraries/STM32F4xx_StdPeriph_Driver/src/stm32f4xx_cryp_des.o
                                                  ./Libraries/STM32F4xx_StdPeriph_Driver/src/stm32f4xx_cryp_aes.o
CRYP_DataOut                                      ./Libraries/STM32F4xx_StdPeriph_Driver/src/stm32f4xx_cryp.o
                                                  ./Libraries/STM32F4xx_StdPeriph_Driver/src/stm32f4xx_cryp_tdes.o
                                                  ./Libraries/STM32F4xx_StdPeriph_Driver/src/stm32f4xx_cryp_des.o
                                                  ./Libraries/STM32F4xx_StdPeriph_Driver/src/stm32f4xx_cryp_aes.o
CRYP_DeInit                                       ./Libraries/STM32F4xx_StdPeriph_Driver/src/stm32f4xx_cryp.o
CRYP_FIFOFlush                                    ./Libraries/STM32F4xx_StdPeriph_Driver/src/stm32f4xx_cryp.o
                                                  ./Libraries/STM32F4xx_StdPeriph_Driver/src/stm32f4xx_cryp_tdes.o
                                                  ./Libraries/STM32F4xx_StdPeriph_Driver/src/stm32f4xx_cryp_des.o
                                                  ./Libraries/STM32F4xx_StdPeriph_Driver/src/stm32f4xx_cryp_aes.o
CRYP_GetCmdStatus                                 ./Libraries/STM32F4xx_StdPeriph_Driver/src/stm32f4xx_cryp.o
                                                  ./Libraries/STM32F4xx_StdPeriph_Driver/src/stm32f4xx_cryp_tdes.o
                                                  ./Libraries/STM32F4xx_StdPeriph_Driver/src/stm32f4xx_cryp_des.o
                                                  ./Libraries/STM32F4xx_StdPeriph_Driver/src/stm32f4xx_cryp_aes.o
CRYP_GetFlagStatus                                ./Libraries/STM32F4xx_StdPeriph_Driver/src/stm32f4xx_cryp.o
                                                  ./Libraries/STM32F4xx_StdPeriph_Driver/src/stm32f4xx_cryp_tdes.o
                                                  ./Libraries/STM32F4xx_StdPeriph_Driver/src/stm32f4xx_cryp_des.o
                                                  ./Libraries/STM32F4xx_StdPeriph_Driver/src/stm32f4xx_cryp_aes.o
CRYP_GetITStatus                                  ./Libraries/STM32F4xx_StdPeriph_Driver/src/stm32f4xx_cryp.o
CRYP_IRQHandler                                   ./src/startup_stm32f429x.o
CRYP_ITConfig                                     ./Libraries/STM32F4xx_StdPeriph_Driver/src/stm32f4xx_cryp.o
CRYP_IVInit                                       ./Libraries/STM32F4xx_StdPeriph_Driver/src/stm32f4xx_cryp.o
                                                  ./Libraries/STM32F4xx_StdPeriph_Driver/src/stm32f4xx_cryp_tdes.o
                                                  ./Libraries/STM32F4xx_StdPeriph_Driver/src/stm32f4xx_cryp_des.o
                                                  ./Libraries/STM32F4xx_StdPeriph_Driver/src/stm32f4xx_cryp_aes.o
CRYP_IVStructInit                                 ./Libraries/STM32F4xx_StdPeriph_Driver/src/stm32f4xx_cryp.o
CRYP_Init                                         ./Libraries/STM32F4xx_StdPeriph_Driver/src/stm32f4xx_cryp.o
                                                  ./Libraries/STM32F4xx_StdPeriph_Driver/src/stm32f4xx_cryp_tdes.o
                                                  ./Libraries/STM32F4xx_StdPeriph_Driver/src/stm32f4xx_cryp_des.o
                                                  ./Libraries/STM32F4xx_StdPeriph_Driver/src/stm32f4xx_cryp_aes.o
CRYP_KeyInit                                      ./Libraries/STM32F4xx_StdPeriph_Driver/src/stm32f4xx_cryp.o
                                                  ./Libraries/STM32F4xx_StdPeriph_Driver/src/stm32f4xx_cryp_tdes.o
                                                  ./Libraries/STM32F4xx_StdPeriph_Driver/src/stm32f4xx_cryp_des.o
                                                  ./Libraries/STM32F4xx_StdPeriph_Driver/src/stm32f4xx_cryp_aes.o
CRYP_KeyStructInit                                ./Libraries/STM32F4xx_StdPeriph_Driver/src/stm32f4xx_cryp.o
                                                  ./Libraries/STM32F4xx_StdPeriph_Driver/src/stm32f4xx_cryp_tdes.o
                                                  ./Libraries/STM32F4xx_StdPeriph_Driver/src/stm32f4xx_cryp_des.o
                                                  ./Libraries/STM32F4xx_StdPeriph_Driver/src/stm32f4xx_cryp_aes.o
CRYP_PhaseConfig                                  ./Libraries/STM32F4xx_StdPeriph_Driver/src/stm32f4xx_cryp.o
                                                  ./Libraries/STM32F4xx_StdPeriph_Driver/src/stm32f4xx_cryp_aes.o
CRYP_RestoreContext                               ./Libraries/STM32F4xx_StdPeriph_Driver/src/stm32f4xx_cryp.o
CRYP_SaveContext                                  ./Libraries/STM32F4xx_StdPeriph_Driver/src/stm32f4xx_cryp.o
CRYP_StructInit                                   ./Libraries/STM32F4xx_StdPeriph_Driver/src/stm32f4xx_cryp.o
CRYP_TDES_CBC                                     ./Libraries/STM32F4xx_StdPeriph_Driver/src/stm32f4xx_cryp_tdes.o
CRYP_TDES_ECB                                     ./Libraries/STM32F4xx_StdPeriph_Driver/src/stm32f4xx_cryp_tdes.o
Config_Flash_Sector_RW_Protection                 ./src/main.o
DAC_ClearFlag                                     ./Libraries/STM32F4xx_StdPeriph_Driver/src/stm32f4xx_dac.o
DAC_ClearITPendingBit                             ./Libraries/STM32F4xx_StdPeriph_Driver/src/stm32f4xx_dac.o
DAC_Cmd                                           ./Libraries/STM32F4xx_StdPeriph_Driver/src/stm32f4xx_dac.o
DAC_DMACmd                                        ./Libraries/STM32F4xx_StdPeriph_Driver/src/stm32f4xx_dac.o
DAC_DeInit                                        ./Libraries/STM32F4xx_StdPeriph_Driver/src/stm32f4xx_dac.o
DAC_DualSoftwareTriggerCmd                        ./Libraries/STM32F4xx_StdPeriph_Driver/src/stm32f4xx_dac.o
DAC_GetDataOutputValue                            ./Libraries/STM32F4xx_StdPeriph_Driver/src/stm32f4xx_dac.o
DAC_GetFlagStatus                                 ./Libraries/STM32F4xx_StdPeriph_Driver/src/stm32f4xx_dac.o
DAC_GetITStatus                                   ./Libraries/STM32F4xx_StdPeriph_Driver/src/stm32f4xx_dac.o
DAC_ITConfig                                      ./Libraries/STM32F4xx_StdPeriph_Driver/src/stm32f4xx_dac.o
DAC_Init                                          ./Libraries/STM32F4xx_StdPeriph_Driver/src/stm32f4xx_dac.o
DAC_SetChannel1Data                               ./Libraries/STM32F4xx_StdPeriph_Driver/src/stm32f4xx_dac.o
DAC_SetChannel2Data                               ./Libraries/STM32F4xx_StdPeriph_Driver/src/stm32f4xx_dac.o
DAC_SetDualChannelData                            ./Libraries/STM32F4xx_StdPeriph_Driver/src/stm32f4xx_dac.o
DAC_SoftwareTriggerCmd                            ./Libraries/STM32F4xx_StdPeriph_Driver/src/stm32f4xx_dac.o
DAC_StructInit                                    ./Libraries/STM32F4xx_StdPeriph_Driver/src/stm32f4xx_dac.o
DAC_WaveGenerationCmd                             ./Libraries/STM32F4xx_StdPeriph_Driver/src/stm32f4xx_dac.o
DBGMCU_APB1PeriphConfig                           ./Libraries/STM32F4xx_StdPeriph_Driver/src/stm32f4xx_dbgmcu.o
DBGMCU_APB2PeriphConfig                           ./Libraries/STM32F4xx_StdPeriph_Driver/src/stm32f4xx_dbgmcu.o
DBGMCU_Config                                     ./Libraries/STM32F4xx_StdPeriph_Driver/src/stm32f4xx_dbgmcu.o
DBGMCU_GetDEVID                                   ./Libraries/STM32F4xx_StdPeriph_Driver/src/stm32f4xx_dbgmcu.o
DBGMCU_GetREVID                                   ./Libraries/STM32F4xx_StdPeriph_Driver/src/stm32f4xx_dbgmcu.o
DCMI_CROPCmd                                      ./Libraries/STM32F4xx_StdPeriph_Driver/src/stm32f4xx_dcmi.o
DCMI_CROPConfig                                   ./Libraries/STM32F4xx_StdPeriph_Driver/src/stm32f4xx_dcmi.o
DCMI_CaptureCmd                                   ./Libraries/STM32F4xx_StdPeriph_Driver/src/stm32f4xx_dcmi.o
DCMI_ClearFlag                                    ./Libraries/STM32F4xx_StdPeriph_Driver/src/stm32f4xx_dcmi.o
DCMI_ClearITPendingBit                            ./Libraries/STM32F4xx_StdPeriph_Driver/src/stm32f4xx_dcmi.o
DCMI_Cmd                                          ./Libraries/STM32F4xx_StdPeriph_Driver/src/stm32f4xx_dcmi.o
DCMI_DeInit                                       ./Libraries/STM32F4xx_StdPeriph_Driver/src/stm32f4xx_dcmi.o
DCMI_GetFlagStatus                                ./Libraries/STM32F4xx_StdPeriph_Driver/src/stm32f4xx_dcmi.o
DCMI_GetITStatus                                  ./Libraries/STM32F4xx_StdPeriph_Driver/src/stm32f4xx_dcmi.o
DCMI_IRQHandler                                   ./src/startup_stm32f429x.o
DCMI_ITConfig                                     ./Libraries/STM32F4xx_StdPeriph_Driver/src/stm32f4xx_dcmi.o
DCMI_Init                                         ./Libraries/STM32F4xx_StdPeriph_Driver/src/stm32f4xx_dcmi.o
DCMI_JPEGCmd                                      ./Libraries/STM32F4xx_StdPeriph_Driver/src/stm32f4xx_dcmi.o
DCMI_ReadData                                     ./Libraries/STM32F4xx_StdPeriph_Driver/src/stm32f4xx_dcmi.o
DCMI_SetEmbeddedSynchroCodes                      ./Libraries/STM32F4xx_StdPeriph_Driver/src/stm32f4xx_dcmi.o
DCMI_StructInit                                   ./Libraries/STM32F4xx_StdPeriph_Driver/src/stm32f4xx_dcmi.o
DELAY_X                                           ./Drivers/SYSTICK/SYSTICK_Prog.o
DMA1_Stream0_IRQHandler                           ./src/startup_stm32f429x.o
DMA1_Stream1_IRQHandler                           ./src/startup_stm32f429x.o
DMA1_Stream2_IRQHandler                           ./Utilities/STM32F429I-Discovery/stm32f429i_discovery_i2c_ee.o
                                                  ./src/startup_stm32f429x.o
DMA1_Stream3_IRQHandler                           ./src/startup_stm32f429x.o
DMA1_Stream4_IRQHandler                           ./Utilities/STM32F429I-Discovery/stm32f429i_discovery_i2c_ee.o
                                                  ./src/startup_stm32f429x.o
DMA1_Stream5_IRQHandler                           ./src/startup_stm32f429x.o
DMA1_Stream6_IRQHandler                           ./src/startup_stm32f429x.o
DMA1_Stream7_IRQHandler                           ./src/startup_stm32f429x.o
DMA2D_AbortTransfer                               ./Libraries/STM32F4xx_StdPeriph_Driver/src/stm32f4xx_dma2d.o
DMA2D_BGConfig                                    ./Libraries/STM32F4xx_StdPeriph_Driver/src/stm32f4xx_dma2d.o
DMA2D_BGStart                                     ./Libraries/STM32F4xx_StdPeriph_Driver/src/stm32f4xx_dma2d.o
DMA2D_BG_StructInit                               ./Libraries/STM32F4xx_StdPeriph_Driver/src/stm32f4xx_dma2d.o
DMA2D_ClearFlag                                   ./Libraries/STM32F4xx_StdPeriph_Driver/src/stm32f4xx_dma2d.o
DMA2D_ClearITPendingBit                           ./Libraries/STM32F4xx_StdPeriph_Driver/src/stm32f4xx_dma2d.o
DMA2D_DeInit                                      ./Libraries/STM32F4xx_StdPeriph_Driver/src/stm32f4xx_dma2d.o
                                                  ./Utilities/STM32F429I-Discovery/stm32f429i_discovery_lcd.o
DMA2D_DeadTimeConfig                              ./Libraries/STM32F4xx_StdPeriph_Driver/src/stm32f4xx_dma2d.o
DMA2D_FGConfig                                    ./Libraries/STM32F4xx_StdPeriph_Driver/src/stm32f4xx_dma2d.o
DMA2D_FGStart                                     ./Libraries/STM32F4xx_StdPeriph_Driver/src/stm32f4xx_dma2d.o
DMA2D_FG_StructInit                               ./Libraries/STM32F4xx_StdPeriph_Driver/src/stm32f4xx_dma2d.o
DMA2D_GetFlagStatus                               ./Libraries/STM32F4xx_StdPeriph_Driver/src/stm32f4xx_dma2d.o
                                                  ./Utilities/STM32F429I-Discovery/stm32f429i_discovery_lcd.o
DMA2D_GetITStatus                                 ./Libraries/STM32F4xx_StdPeriph_Driver/src/stm32f4xx_dma2d.o
DMA2D_IRQHandler                                  ./src/startup_stm32f429x.o
DMA2D_ITConfig                                    ./Libraries/STM32F4xx_StdPeriph_Driver/src/stm32f4xx_dma2d.o
DMA2D_Init                                        ./Libraries/STM32F4xx_StdPeriph_Driver/src/stm32f4xx_dma2d.o
                                                  ./Utilities/STM32F429I-Discovery/stm32f429i_discovery_lcd.o
DMA2D_LineWatermarkConfig                         ./Libraries/STM32F4xx_StdPeriph_Driver/src/stm32f4xx_dma2d.o
DMA2D_StartTransfer                               ./Libraries/STM32F4xx_StdPeriph_Driver/src/stm32f4xx_dma2d.o
                                                  ./Utilities/STM32F429I-Discovery/stm32f429i_discovery_lcd.o
DMA2D_StructInit                                  ./Libraries/STM32F4xx_StdPeriph_Driver/src/stm32f4xx_dma2d.o
DMA2D_Suspend                                     ./Libraries/STM32F4xx_StdPeriph_Driver/src/stm32f4xx_dma2d.o
DMA2_Stream0_IRQHandler                           ./src/startup_stm32f429x.o
DMA2_Stream1_IRQHandler                           ./src/startup_stm32f429x.o
DMA2_Stream2_IRQHandler                           ./src/startup_stm32f429x.o
DMA2_Stream3_IRQHandler                           ./src/startup_stm32f429x.o
DMA2_Stream4_IRQHandler                           ./src/startup_stm32f429x.o
DMA2_Stream5_IRQHandler                           ./src/startup_stm32f429x.o
DMA2_Stream6_IRQHandler                           ./src/startup_stm32f429x.o
DMA2_Stream7_IRQHandler                           ./src/startup_stm32f429x.o
DMA_ClearFlag                                     ./Libraries/STM32F4xx_StdPeriph_Driver/src/stm32f4xx_dma.o
                                                  ./Utilities/STM32F429I-Discovery/stm32f429i_discovery_ioe.o
                                                  ./Utilities/STM32F429I-Discovery/stm32f429i_discovery_i2c_ee.o
                                                  ./Utilities/STM32F429I-Discovery/stm32f429i_discovery.o
DMA_ClearITPendingBit                             ./Libraries/STM32F4xx_StdPeriph_Driver/src/stm32f4xx_dma.o
DMA_Cmd                                           ./Libraries/STM32F4xx_StdPeriph_Driver/src/stm32f4xx_dma.o
                                                  ./Utilities/STM32F429I-Discovery/stm32f429i_discovery_ioe.o
                                                  ./Utilities/STM32F429I-Discovery/stm32f429i_discovery_i2c_ee.o
                                                  ./Utilities/STM32F429I-Discovery/stm32f429i_discovery.o
DMA_DeInit                                        ./Libraries/STM32F4xx_StdPeriph_Driver/src/stm32f4xx_dma.o
                                                  ./Utilities/STM32F429I-Discovery/stm32f429i_discovery_ioe.o
                                                  ./Utilities/STM32F429I-Discovery/stm32f429i_discovery.o
DMA_DoubleBufferModeCmd                           ./Libraries/STM32F4xx_StdPeriph_Driver/src/stm32f4xx_dma.o
DMA_DoubleBufferModeConfig                        ./Libraries/STM32F4xx_StdPeriph_Driver/src/stm32f4xx_dma.o
DMA_FlowControllerConfig                          ./Libraries/STM32F4xx_StdPeriph_Driver/src/stm32f4xx_dma.o
DMA_GetCmdStatus                                  ./Libraries/STM32F4xx_StdPeriph_Driver/src/stm32f4xx_dma.o
DMA_GetCurrDataCounter                            ./Libraries/STM32F4xx_StdPeriph_Driver/src/stm32f4xx_dma.o
DMA_GetCurrentMemoryTarget                        ./Libraries/STM32F4xx_StdPeriph_Driver/src/stm32f4xx_dma.o
DMA_GetFIFOStatus                                 ./Libraries/STM32F4xx_StdPeriph_Driver/src/stm32f4xx_dma.o
DMA_GetFlagStatus                                 ./Libraries/STM32F4xx_StdPeriph_Driver/src/stm32f4xx_dma.o
                                                  ./Utilities/STM32F429I-Discovery/stm32f429i_discovery_ioe.o
                                                  ./Utilities/STM32F429I-Discovery/stm32f429i_discovery_i2c_ee.o
DMA_GetITStatus                                   ./Libraries/STM32F4xx_StdPeriph_Driver/src/stm32f4xx_dma.o
DMA_ITConfig                                      ./Libraries/STM32F4xx_StdPeriph_Driver/src/stm32f4xx_dma.o
                                                  ./Utilities/STM32F429I-Discovery/stm32f429i_discovery.o
DMA_Init                                          ./Libraries/STM32F4xx_StdPeriph_Driver/src/stm32f4xx_dma.o
                                                  ./Utilities/STM32F429I-Discovery/stm32f429i_discovery_ioe.o
                                                  ./Utilities/STM32F429I-Discovery/stm32f429i_discovery.o
DMA_MemoryTargetConfig                            ./Libraries/STM32F4xx_StdPeriph_Driver/src/stm32f4xx_dma.o
DMA_PeriphIncOffsetSizeConfig                     ./Libraries/STM32F4xx_StdPeriph_Driver/src/stm32f4xx_dma.o
DMA_SetCurrDataCounter                            ./Libraries/STM32F4xx_StdPeriph_Driver/src/stm32f4xx_dma.o
DMA_StructInit                                    ./Libraries/STM32F4xx_StdPeriph_Driver/src/stm32f4xx_dma.o
DebugMon_Handler                                  ./src/stm32f4xx_it.o
                                                  ./src/startup_stm32f429x.o
Default_Handler                                   ./src/startup_stm32f429x.o
ETH_IRQHandler                                    ./src/startup_stm32f429x.o
ETH_WKUP_IRQHandler                               ./src/startup_stm32f429x.o
EXTI0_IRQHandler                                  ./src/startup_stm32f429x.o
EXTI15_10_IRQHandler                              ./src/startup_stm32f429x.o
EXTI1_IRQHandler                                  ./src/startup_stm32f429x.o
EXTI2_IRQHandler                                  ./src/startup_stm32f429x.o
EXTI3_IRQHandler                                  ./src/startup_stm32f429x.o
EXTI4_IRQHandler                                  ./src/startup_stm32f429x.o
EXTI9_5_IRQHandler                                ./src/startup_stm32f429x.o
EXTI_ClearFlag                                    ./Libraries/STM32F4xx_StdPeriph_Driver/src/stm32f4xx_exti.o
EXTI_ClearITPendingBit                            ./Libraries/STM32F4xx_StdPeriph_Driver/src/stm32f4xx_exti.o
EXTI_DeInit                                       ./Libraries/STM32F4xx_StdPeriph_Driver/src/stm32f4xx_exti.o
EXTI_GenerateSWInterrupt                          ./Libraries/STM32F4xx_StdPeriph_Driver/src/stm32f4xx_exti.o
EXTI_GetFlagStatus                                ./Libraries/STM32F4xx_StdPeriph_Driver/src/stm32f4xx_exti.o
EXTI_GetITStatus                                  ./Libraries/STM32F4xx_StdPeriph_Driver/src/stm32f4xx_exti.o
EXTI_Init                                         ./Libraries/STM32F4xx_StdPeriph_Driver/src/stm32f4xx_exti.o
                                                  ./Utilities/STM32F429I-Discovery/stm32f429i_discovery.o
EXTI_StructInit                                   ./Libraries/STM32F4xx_StdPeriph_Driver/src/stm32f4xx_exti.o
Execute_Flash_Erase                               ./src/main.o
Execute_Flash_Mass_Erase                          ./src/main.o
Execute_Mem_Write                                 ./src/main.o
FLASH_ClearFlag                                   ./Libraries/STM32F4xx_StdPeriph_Driver/src/stm32f4xx_flash.o
FLASH_DataCacheCmd                                ./Libraries/STM32F4xx_StdPeriph_Driver/src/stm32f4xx_flash.o
FLASH_DataCacheReset                              ./Libraries/STM32F4xx_StdPeriph_Driver/src/stm32f4xx_flash.o
FLASH_Disable_Read_Write_Protection               ./Drivers/FLASH/Flash_Prog.o
                                                  ./src/main.o
FLASH_Enable_Read_Write_Protection                ./Drivers/FLASH/Flash_Prog.o
                                                  ./src/main.o
FLASH_Enable_Write_Protection                     ./Drivers/FLASH/Flash_Prog.o
                                                  ./src/main.o
FLASH_Erase                                       ./Drivers/FLASH/Flash_Prog.o
                                                  ./src/main.o
FLASH_EraseAllBank1Sectors                        ./Libraries/STM32F4xx_StdPeriph_Driver/src/stm32f4xx_flash.o
FLASH_EraseAllBank2Sectors                        ./Libraries/STM32F4xx_StdPeriph_Driver/src/stm32f4xx_flash.o
FLASH_EraseAllSectors                             ./Libraries/STM32F4xx_StdPeriph_Driver/src/stm32f4xx_flash.o
FLASH_EraseSector                                 ./Libraries/STM32F4xx_StdPeriph_Driver/src/stm32f4xx_flash.o
FLASH_GetFlagStatus                               ./Libraries/STM32F4xx_StdPeriph_Driver/src/stm32f4xx_flash.o
FLASH_GetStatus                                   ./Libraries/STM32F4xx_StdPeriph_Driver/src/stm32f4xx_flash.o
FLASH_IRQHandler                                  ./src/startup_stm32f429x.o
FLASH_ITConfig                                    ./Libraries/STM32F4xx_StdPeriph_Driver/src/stm32f4xx_flash.o
FLASH_InstructionCacheCmd                         ./Libraries/STM32F4xx_StdPeriph_Driver/src/stm32f4xx_flash.o
FLASH_InstructionCacheReset                       ./Libraries/STM32F4xx_StdPeriph_Driver/src/stm32f4xx_flash.o
FLASH_Lock                                        ./Libraries/STM32F4xx_StdPeriph_Driver/src/stm32f4xx_flash.o
FLASH_Lock_OB_Sequence                            ./Drivers/FLASH/Flash_Prog.o
                                                  ./src/main.o
FLASH_Lock_Sequence                               ./Drivers/FLASH/Flash_Prog.o
                                                  ./src/main.o
FLASH_Mass_Erase                                  ./Drivers/FLASH/Flash_Prog.o
                                                  ./src/main.o
FLASH_OB_BORConfig                                ./Libraries/STM32F4xx_StdPeriph_Driver/src/stm32f4xx_flash.o
FLASH_OB_BootConfig                               ./Libraries/STM32F4xx_StdPeriph_Driver/src/stm32f4xx_flash.o
FLASH_OB_GetBOR                                   ./Libraries/STM32F4xx_StdPeriph_Driver/src/stm32f4xx_flash.o
FLASH_OB_GetPCROP                                 ./Libraries/STM32F4xx_StdPeriph_Driver/src/stm32f4xx_flash.o
FLASH_OB_GetPCROP1                                ./Libraries/STM32F4xx_StdPeriph_Driver/src/stm32f4xx_flash.o
FLASH_OB_GetRDP                                   ./Libraries/STM32F4xx_StdPeriph_Driver/src/stm32f4xx_flash.o
FLASH_OB_GetUser                                  ./Libraries/STM32F4xx_StdPeriph_Driver/src/stm32f4xx_flash.o
FLASH_OB_GetWRP                                   ./Libraries/STM32F4xx_StdPeriph_Driver/src/stm32f4xx_flash.o
FLASH_OB_GetWRP1                                  ./Libraries/STM32F4xx_StdPeriph_Driver/src/stm32f4xx_flash.o
FLASH_OB_Launch                                   ./Libraries/STM32F4xx_StdPeriph_Driver/src/stm32f4xx_flash.o
FLASH_OB_Lock                                     ./Libraries/STM32F4xx_StdPeriph_Driver/src/stm32f4xx_flash.o
FLASH_OB_PCROP1Config                             ./Libraries/STM32F4xx_StdPeriph_Driver/src/stm32f4xx_flash.o
FLASH_OB_PCROPConfig                              ./Libraries/STM32F4xx_StdPeriph_Driver/src/stm32f4xx_flash.o
FLASH_OB_PCROPSelectionConfig                     ./Libraries/STM32F4xx_StdPeriph_Driver/src/stm32f4xx_flash.o
FLASH_OB_RDPConfig                                ./Libraries/STM32F4xx_StdPeriph_Driver/src/stm32f4xx_flash.o
FLASH_OB_Unlock                                   ./Libraries/STM32F4xx_StdPeriph_Driver/src/stm32f4xx_flash.o
FLASH_OB_UserConfig                               ./Libraries/STM32F4xx_StdPeriph_Driver/src/stm32f4xx_flash.o
FLASH_OB_WRP1Config                               ./Libraries/STM32F4xx_StdPeriph_Driver/src/stm32f4xx_flash.o
FLASH_OB_WRPConfig                                ./Libraries/STM32F4xx_StdPeriph_Driver/src/stm32f4xx_flash.o
FLASH_PrefetchBufferCmd                           ./Libraries/STM32F4xx_StdPeriph_Driver/src/stm32f4xx_flash.o
FLASH_Program                                     ./Drivers/FLASH/Flash_Prog.o
                                                  ./src/main.o
FLASH_ProgramByte                                 ./Libraries/STM32F4xx_StdPeriph_Driver/src/stm32f4xx_flash.o
FLASH_ProgramDoubleWord                           ./Libraries/STM32F4xx_StdPeriph_Driver/src/stm32f4xx_flash.o
FLASH_ProgramHalfWord                             ./Libraries/STM32F4xx_StdPeriph_Driver/src/stm32f4xx_flash.o
FLASH_ProgramWord                                 ./Libraries/STM32F4xx_StdPeriph_Driver/src/stm32f4xx_flash.o
FLASH_Sector_Erase                                ./Drivers/FLASH/Flash_Prog.o
FLASH_SetLatency                                  ./Libraries/STM32F4xx_StdPeriph_Driver/src/stm32f4xx_flash.o
FLASH_Unlock                                      ./Libraries/STM32F4xx_StdPeriph_Driver/src/stm32f4xx_flash.o
FLASH_Unlock_OB_Sequence                          ./Drivers/FLASH/Flash_Prog.o
                                                  ./src/main.o
FLASH_Unlock_Sequence                             ./Drivers/FLASH/Flash_Prog.o
                                                  ./src/main.o
FLASH_WaitForLastOperation                        ./Libraries/STM32F4xx_StdPeriph_Driver/src/stm32f4xx_flash.o
FLASH_Wait_Till_Operation_End                     ./Drivers/FLASH/Flash_Prog.o
FMC_ClearFlag                                     ./Libraries/STM32F4xx_StdPeriph_Driver/src/stm32f4xx_fmc.o
FMC_ClearITPendingBit                             ./Libraries/STM32F4xx_StdPeriph_Driver/src/stm32f4xx_fmc.o
FMC_GetECC                                        ./Libraries/STM32F4xx_StdPeriph_Driver/src/stm32f4xx_fmc.o
FMC_GetFlagStatus                                 ./Libraries/STM32F4xx_StdPeriph_Driver/src/stm32f4xx_fmc.o
                                                  ./Utilities/STM32F429I-Discovery/stm32f429i_discovery_sdram.o
FMC_GetITStatus                                   ./Libraries/STM32F4xx_StdPeriph_Driver/src/stm32f4xx_fmc.o
FMC_GetModeStatus                                 ./Libraries/STM32F4xx_StdPeriph_Driver/src/stm32f4xx_fmc.o
FMC_IRQHandler                                    ./src/startup_stm32f429x.o
FMC_ITConfig                                      ./Libraries/STM32F4xx_StdPeriph_Driver/src/stm32f4xx_fmc.o
FMC_NANDCmd                                       ./Libraries/STM32F4xx_StdPeriph_Driver/src/stm32f4xx_fmc.o
FMC_NANDDeInit                                    ./Libraries/STM32F4xx_StdPeriph_Driver/src/stm32f4xx_fmc.o
FMC_NANDECCCmd                                    ./Libraries/STM32F4xx_StdPeriph_Driver/src/stm32f4xx_fmc.o
FMC_NANDInit                                      ./Libraries/STM32F4xx_StdPeriph_Driver/src/stm32f4xx_fmc.o
FMC_NANDStructInit                                ./Libraries/STM32F4xx_StdPeriph_Driver/src/stm32f4xx_fmc.o
FMC_NORSRAMCmd                                    ./Libraries/STM32F4xx_StdPeriph_Driver/src/stm32f4xx_fmc.o
FMC_NORSRAMDeInit                                 ./Libraries/STM32F4xx_StdPeriph_Driver/src/stm32f4xx_fmc.o
FMC_NORSRAMInit                                   ./Libraries/STM32F4xx_StdPeriph_Driver/src/stm32f4xx_fmc.o
FMC_NORSRAMStructInit                             ./Libraries/STM32F4xx_StdPeriph_Driver/src/stm32f4xx_fmc.o
FMC_PCCARDCmd                                     ./Libraries/STM32F4xx_StdPeriph_Driver/src/stm32f4xx_fmc.o
FMC_PCCARDDeInit                                  ./Libraries/STM32F4xx_StdPeriph_Driver/src/stm32f4xx_fmc.o
FMC_PCCARDInit                                    ./Libraries/STM32F4xx_StdPeriph_Driver/src/stm32f4xx_fmc.o
FMC_PCCARDStructInit                              ./Libraries/STM32F4xx_StdPeriph_Driver/src/stm32f4xx_fmc.o
FMC_SDRAMCmdConfig                                ./Libraries/STM32F4xx_StdPeriph_Driver/src/stm32f4xx_fmc.o
                                                  ./Utilities/STM32F429I-Discovery/stm32f429i_discovery_sdram.o
FMC_SDRAMDeInit                                   ./Libraries/STM32F4xx_StdPeriph_Driver/src/stm32f4xx_fmc.o
FMC_SDRAMInit                                     ./Libraries/STM32F4xx_StdPeriph_Driver/src/stm32f4xx_fmc.o
                                                  ./Utilities/STM32F429I-Discovery/stm32f429i_discovery_sdram.o
FMC_SDRAMStructInit                               ./Libraries/STM32F4xx_StdPeriph_Driver/src/stm32f4xx_fmc.o
FMC_SDRAMWriteProtectionConfig                    ./Libraries/STM32F4xx_StdPeriph_Driver/src/stm32f4xx_fmc.o
                                                  ./Utilities/STM32F429I-Discovery/stm32f429i_discovery_sdram.o
FMC_SetAutoRefresh_Number                         ./Libraries/STM32F4xx_StdPeriph_Driver/src/stm32f4xx_fmc.o
FMC_SetRefreshCount                               ./Libraries/STM32F4xx_StdPeriph_Driver/src/stm32f4xx_fmc.o
                                                  ./Utilities/STM32F429I-Discovery/stm32f429i_discovery_sdram.o
FPU_IRQHandler                                    ./src/startup_stm32f429x.o
Font12x12                                         ./Utilities/Common/fonts.o
                                                  ./Utilities/Common/lcd_log.o
Font16x24                                         ./Utilities/Common/fonts.o
                                                  ./Utilities/STM32F429I-Discovery/stm32f429i_discovery_lcd.o
Font8x12                                          ./Utilities/Common/fonts.o
                                                  ./Utilities/Common/lcd_log.o
Font8x8                                           ./Utilities/Common/fonts.o
GPIO_CLK                                          ./Utilities/STM32F429I-Discovery/stm32f429i_discovery.o
GPIO_DeInit                                       ./Libraries/STM32F4xx_StdPeriph_Driver/src/stm32f4xx_gpio.o
GPIO_Init                                         ./Libraries/STM32F4xx_StdPeriph_Driver/src/stm32f4xx_gpio.o
                                                  ./Utilities/STM32F429I-Discovery/stm32f429i_discovery_sdram.o
                                                  ./Utilities/STM32F429I-Discovery/stm32f429i_discovery_lcd.o
                                                  ./Utilities/STM32F429I-Discovery/stm32f429i_discovery_l3gd20.o
                                                  ./Utilities/STM32F429I-Discovery/stm32f429i_discovery_ioe.o
                                                  ./Utilities/STM32F429I-Discovery/stm32f429i_discovery.o
GPIO_PIN                                          ./Utilities/STM32F429I-Discovery/stm32f429i_discovery.o
GPIO_PORT                                         ./Utilities/STM32F429I-Discovery/stm32f429i_discovery.o
GPIO_PinAFConfig                                  ./Libraries/STM32F4xx_StdPeriph_Driver/src/stm32f4xx_gpio.o
                                                  ./Utilities/STM32F429I-Discovery/stm32f429i_discovery_sdram.o
                                                  ./Utilities/STM32F429I-Discovery/stm32f429i_discovery_lcd.o
                                                  ./Utilities/STM32F429I-Discovery/stm32f429i_discovery_l3gd20.o
                                                  ./Utilities/STM32F429I-Discovery/stm32f429i_discovery_ioe.o
                                                  ./Utilities/STM32F429I-Discovery/stm32f429i_discovery.o
GPIO_PinLockConfig                                ./Libraries/STM32F4xx_StdPeriph_Driver/src/stm32f4xx_gpio.o
GPIO_ReadInputData                                ./Libraries/STM32F4xx_StdPeriph_Driver/src/stm32f4xx_gpio.o
GPIO_ReadInputDataBit                             ./Libraries/STM32F4xx_StdPeriph_Driver/src/stm32f4xx_gpio.o
                                                  ./Utilities/STM32F429I-Discovery/stm32f429i_discovery.o
GPIO_ReadOutputData                               ./Libraries/STM32F4xx_StdPeriph_Driver/src/stm32f4xx_gpio.o
GPIO_ReadOutputDataBit                            ./Libraries/STM32F4xx_StdPeriph_Driver/src/stm32f4xx_gpio.o
GPIO_ResetBits                                    ./Libraries/STM32F4xx_StdPeriph_Driver/src/stm32f4xx_gpio.o
                                                  ./Utilities/STM32F429I-Discovery/stm32f429i_discovery_lcd.o
                                                  ./Utilities/STM32F429I-Discovery/stm32f429i_discovery_l3gd20.o
GPIO_SetBits                                      ./Libraries/STM32F4xx_StdPeriph_Driver/src/stm32f4xx_gpio.o
                                                  ./Utilities/STM32F429I-Discovery/stm32f429i_discovery_lcd.o
                                                  ./Utilities/STM32F429I-Discovery/stm32f429i_discovery_l3gd20.o
GPIO_StructInit                                   ./Libraries/STM32F4xx_StdPeriph_Driver/src/stm32f4xx_gpio.o
GPIO_ToggleBits                                   ./Libraries/STM32F4xx_StdPeriph_Driver/src/stm32f4xx_gpio.o
GPIO_Write                                        ./Libraries/STM32F4xx_StdPeriph_Driver/src/stm32f4xx_gpio.o
GPIO_WriteBit                                     ./Libraries/STM32F4xx_StdPeriph_Driver/src/stm32f4xx_gpio.o
                                                  ./Utilities/STM32F429I-Discovery/stm32f429i_discovery_lcd.o
Get_BootLoader_Version                            ./src/main.o
Get_Flash_RDP_Level                               ./src/main.o
Get_MCU_CID                                       ./src/main.o
HASH_AutoStartDigest                              ./Libraries/STM32F4xx_StdPeriph_Driver/src/stm32f4xx_hash.o
HASH_ClearFlag                                    ./Libraries/STM32F4xx_StdPeriph_Driver/src/stm32f4xx_hash.o
HASH_ClearITPendingBit                            ./Libraries/STM32F4xx_StdPeriph_Driver/src/stm32f4xx_hash.o
HASH_DMACmd                                       ./Libraries/STM32F4xx_StdPeriph_Driver/src/stm32f4xx_hash.o
HASH_DataIn                                       ./Libraries/STM32F4xx_StdPeriph_Driver/src/stm32f4xx_hash.o
                                                  ./Libraries/STM32F4xx_StdPeriph_Driver/src/stm32f4xx_hash_sha1.o
                                                  ./Libraries/STM32F4xx_StdPeriph_Driver/src/stm32f4xx_hash_md5.o
HASH_DeInit                                       ./Libraries/STM32F4xx_StdPeriph_Driver/src/stm32f4xx_hash.o
                                                  ./Libraries/STM32F4xx_StdPeriph_Driver/src/stm32f4xx_hash_sha1.o
                                                  ./Libraries/STM32F4xx_StdPeriph_Driver/src/stm32f4xx_hash_md5.o
HASH_GetDigest                                    ./Libraries/STM32F4xx_StdPeriph_Driver/src/stm32f4xx_hash.o
                                                  ./Libraries/STM32F4xx_StdPeriph_Driver/src/stm32f4xx_hash_sha1.o
                                                  ./Libraries/STM32F4xx_StdPeriph_Driver/src/stm32f4xx_hash_md5.o
HASH_GetFlagStatus                                ./Libraries/STM32F4xx_StdPeriph_Driver/src/stm32f4xx_hash.o
                                                  ./Libraries/STM32F4xx_StdPeriph_Driver/src/stm32f4xx_hash_sha1.o
                                                  ./Libraries/STM32F4xx_StdPeriph_Driver/src/stm32f4xx_hash_md5.o
HASH_GetITStatus                                  ./Libraries/STM32F4xx_StdPeriph_Driver/src/stm32f4xx_hash.o
HASH_GetInFIFOWordsNbr                            ./Libraries/STM32F4xx_StdPeriph_Driver/src/stm32f4xx_hash.o
HASH_ITConfig                                     ./Libraries/STM32F4xx_StdPeriph_Driver/src/stm32f4xx_hash.o
HASH_Init                                         ./Libraries/STM32F4xx_StdPeriph_Driver/src/stm32f4xx_hash.o
                                                  ./Libraries/STM32F4xx_StdPeriph_Driver/src/stm32f4xx_hash_sha1.o
                                                  ./Libraries/STM32F4xx_StdPeriph_Driver/src/stm32f4xx_hash_md5.o
HASH_MD5                                          ./Libraries/STM32F4xx_StdPeriph_Driver/src/stm32f4xx_hash_md5.o
HASH_RNG_IRQHandler                               ./src/startup_stm32f429x.o
HASH_Reset                                        ./Libraries/STM32F4xx_StdPeriph_Driver/src/stm32f4xx_hash.o
HASH_RestoreContext                               ./Libraries/STM32F4xx_StdPeriph_Driver/src/stm32f4xx_hash.o
HASH_SHA1                                         ./Libraries/STM32F4xx_StdPeriph_Driver/src/stm32f4xx_hash_sha1.o
HASH_SaveContext                                  ./Libraries/STM32F4xx_StdPeriph_Driver/src/stm32f4xx_hash.o
HASH_SetLastWordValidBitsNbr                      ./Libraries/STM32F4xx_StdPeriph_Driver/src/stm32f4xx_hash.o
                                                  ./Libraries/STM32F4xx_StdPeriph_Driver/src/stm32f4xx_hash_sha1.o
                                                  ./Libraries/STM32F4xx_StdPeriph_Driver/src/stm32f4xx_hash_md5.o
HASH_StartDigest                                  ./Libraries/STM32F4xx_StdPeriph_Driver/src/stm32f4xx_hash.o
                                                  ./Libraries/STM32F4xx_StdPeriph_Driver/src/stm32f4xx_hash_sha1.o
                                                  ./Libraries/STM32F4xx_StdPeriph_Driver/src/stm32f4xx_hash_md5.o
HASH_StructInit                                   ./Libraries/STM32F4xx_StdPeriph_Driver/src/stm32f4xx_hash.o