main.c:38:6:Hardware_RegInit	8	static
main.c:53:5:main	8	static
main.c:107:6:Bootloader_UART_Read_Data	16	static
main.c:192:6:Bootloader_Jump_To_User_Application	24	static
main.c:230:6:printmsg	4	static
main.c:252:13:Hardware_Init	8	static
main.c:277:13:GPIO_Peripheral_Configuration	8	static
main.c:328:13:USART1_Configuration	8	static
main.c:350:6:BootLoader_Handle_GetVer_CMD	32	static
main.c:394:6:BootLoader_Handle_GetHelp_CMD	24	static
main.c:425:6:BootLoader_Handle_GetCID_CMD	32	static
main.c:460:6:BootLoader_Handle_GetRDP_CMD	32	static
main.c:495:6:BootLoader_Handle_Go_CMD	40	static
main.c:563:6:BootLoader_Handle_Flash_Mass_Erase_CMD	32	static
main.c:605:6:BootLoader_Handle_Flash_Erase_CMD	32	static
main.c:649:6:BootLoader_Handle_Mem_Write_CMD	40	static
main.c:711:6:BootLoader_Handle_Enable_RW_Protection	32	static
main.c:748:6:BootLoader_Handle_Mem_Read	40	static
main.c:791:6:BootLoader_Handle_Read_Sector_Status	32	static
main.c:828:6:BootLoader_Handle_Read_OTP	16	static
main.c:838:6:BootLoader_Handle_Disable_RW_Protection	32	static
main.c:871:6:BootLoader_Send_ACK	24	static
main.c:882:6:BootLoader_Send_NACK	16	static
main.c:888:4:BootLoader_Verify_CRC	40	static
main.c:917:5:Get_MCU_CID	16	static
main.c:932:4:Get_Flash_RDP_Level	16	static
main.c:955:4:Verify_Address	16	static
main.c:995:4:Execute_Flash_Mass_Erase	32	static
main.c:1018:4:Execute_Flash_Erase	40	static
main.c:1090:4:Execute_Mem_Write	40	static
main.c:1115:4:Config_Flash_Sector_RW_Protection	16	static
main.c:1148:5:Read_OptionByte_Protection_Status	8	static
main.c:1153:4:Get_BootLoader_Version	4	static
main.c:1158:6:BootLoader_UART_Write_Data	16	static
